Component: Arm Compiler for Embedded 6.22 Tool: armlink [5ee90200]

==============================================================================

Section Cross References

    main.o(.text.main) refers to stm32f4xx_rcc.o(.text.RCC_AHB1PeriphClockCmd) for RCC_AHB1PeriphClockCmd
    main.o(.text.main) refers to main.o(.bss.gpio_b) for gpio_b
    main.o(.text.main) refers to stm32f4xx_gpio.o(.text.GPIO_StructInit) for GPIO_StructInit
    main.o(.text.main) refers to stm32f4xx_gpio.o(.text.GPIO_Init) for GPIO_Init
    main.o(.text.main) refers to main.o(.bss.gpio_a) for gpio_a
    main.o(.text.main) refers to stm32f4xx_gpio.o(.text.GPIO_ReadInputDataBit) for GPIO_ReadInputDataBit
    main.o(.text.main) refers to stm32f4xx_gpio.o(.text.GPIO_SetBits) for GPIO_SetBits
    main.o(.text.main) refers to stm32f4xx_gpio.o(.text.GPIO_ResetBits) for GPIO_ResetBits
    main.o(.ARM.exidx.text.main) refers to main.o(.text.main) for [Anonymous Symbol]
    startup_stm32f401xc.o(STACK) refers (Special) to heapauxi.o(.text) for __use_two_region_memory
    startup_stm32f401xc.o(HEAP) refers (Special) to heapauxi.o(.text) for __use_two_region_memory
    startup_stm32f401xc.o(RESET) refers (Special) to heapauxi.o(.text) for __use_two_region_memory
    startup_stm32f401xc.o(RESET) refers to startup_stm32f401xc.o(STACK) for __initial_sp
    startup_stm32f401xc.o(RESET) refers to startup_stm32f401xc.o(.text) for Reset_Handler
    startup_stm32f401xc.o(.text) refers (Special) to heapauxi.o(.text) for __use_two_region_memory
    startup_stm32f401xc.o(.text) refers to system_stm32f4xx.o(.text.SystemInit) for SystemInit
    startup_stm32f401xc.o(.text) refers to __main.o(!!!main) for __main
    startup_stm32f401xc.o(.text) refers to startup_stm32f401xc.o(HEAP) for Heap_Mem
    startup_stm32f401xc.o(.text) refers to startup_stm32f401xc.o(STACK) for Stack_Mem
    misc.o(.ARM.exidx.text.NVIC_PriorityGroupConfig) refers to misc.o(.text.NVIC_PriorityGroupConfig) for [Anonymous Symbol]
    misc.o(.ARM.exidx.text.NVIC_Init) refers to misc.o(.text.NVIC_Init) for [Anonymous Symbol]
    misc.o(.ARM.exidx.text.NVIC_SetVectorTable) refers to misc.o(.text.NVIC_SetVectorTable) for [Anonymous Symbol]
    misc.o(.ARM.exidx.text.NVIC_SystemLPConfig) refers to misc.o(.text.NVIC_SystemLPConfig) for [Anonymous Symbol]
    misc.o(.ARM.exidx.text.SysTick_CLKSourceConfig) refers to misc.o(.text.SysTick_CLKSourceConfig) for [Anonymous Symbol]
    stm32f4xx_adc.o(.text.ADC_DeInit) refers to stm32f4xx_rcc.o(.text.RCC_APB2PeriphResetCmd) for RCC_APB2PeriphResetCmd
    stm32f4xx_adc.o(.ARM.exidx.text.ADC_DeInit) refers to stm32f4xx_adc.o(.text.ADC_DeInit) for [Anonymous Symbol]
    stm32f4xx_adc.o(.ARM.exidx.text.ADC_Init) refers to stm32f4xx_adc.o(.text.ADC_Init) for [Anonymous Symbol]
    stm32f4xx_adc.o(.ARM.exidx.text.ADC_StructInit) refers to stm32f4xx_adc.o(.text.ADC_StructInit) for [Anonymous Symbol]
    stm32f4xx_adc.o(.ARM.exidx.text.ADC_CommonInit) refers to stm32f4xx_adc.o(.text.ADC_CommonInit) for [Anonymous Symbol]
    stm32f4xx_adc.o(.ARM.exidx.text.ADC_CommonStructInit) refers to stm32f4xx_adc.o(.text.ADC_CommonStructInit) for [Anonymous Symbol]
    stm32f4xx_adc.o(.ARM.exidx.text.ADC_Cmd) refers to stm32f4xx_adc.o(.text.ADC_Cmd) for [Anonymous Symbol]
    stm32f4xx_adc.o(.ARM.exidx.text.ADC_AnalogWatchdogCmd) refers to stm32f4xx_adc.o(.text.ADC_AnalogWatchdogCmd) for [Anonymous Symbol]
    stm32f4xx_adc.o(.ARM.exidx.text.ADC_AnalogWatchdogThresholdsConfig) refers to stm32f4xx_adc.o(.text.ADC_AnalogWatchdogThresholdsConfig) for [Anonymous Symbol]
    stm32f4xx_adc.o(.ARM.exidx.text.ADC_AnalogWatchdogSingleChannelConfig) refers to stm32f4xx_adc.o(.text.ADC_AnalogWatchdogSingleChannelConfig) for [Anonymous Symbol]
    stm32f4xx_adc.o(.ARM.exidx.text.ADC_TempSensorVrefintCmd) refers to stm32f4xx_adc.o(.text.ADC_TempSensorVrefintCmd) for [Anonymous Symbol]
    stm32f4xx_adc.o(.ARM.exidx.text.ADC_VBATCmd) refers to stm32f4xx_adc.o(.text.ADC_VBATCmd) for [Anonymous Symbol]
    stm32f4xx_adc.o(.ARM.exidx.text.ADC_RegularChannelConfig) refers to stm32f4xx_adc.o(.text.ADC_RegularChannelConfig) for [Anonymous Symbol]
    stm32f4xx_adc.o(.ARM.exidx.text.ADC_SoftwareStartConv) refers to stm32f4xx_adc.o(.text.ADC_SoftwareStartConv) for [Anonymous Symbol]
    stm32f4xx_adc.o(.ARM.exidx.text.ADC_GetSoftwareStartConvStatus) refers to stm32f4xx_adc.o(.text.ADC_GetSoftwareStartConvStatus) for [Anonymous Symbol]
    stm32f4xx_adc.o(.ARM.exidx.text.ADC_EOCOnEachRegularChannelCmd) refers to stm32f4xx_adc.o(.text.ADC_EOCOnEachRegularChannelCmd) for [Anonymous Symbol]
    stm32f4xx_adc.o(.ARM.exidx.text.ADC_ContinuousModeCmd) refers to stm32f4xx_adc.o(.text.ADC_ContinuousModeCmd) for [Anonymous Symbol]
    stm32f4xx_adc.o(.ARM.exidx.text.ADC_DiscModeChannelCountConfig) refers to stm32f4xx_adc.o(.text.ADC_DiscModeChannelCountConfig) for [Anonymous Symbol]
    stm32f4xx_adc.o(.ARM.exidx.text.ADC_DiscModeCmd) refers to stm32f4xx_adc.o(.text.ADC_DiscModeCmd) for [Anonymous Symbol]
    stm32f4xx_adc.o(.ARM.exidx.text.ADC_GetConversionValue) refers to stm32f4xx_adc.o(.text.ADC_GetConversionValue) for [Anonymous Symbol]
    stm32f4xx_adc.o(.ARM.exidx.text.ADC_GetMultiModeConversionValue) refers to stm32f4xx_adc.o(.text.ADC_GetMultiModeConversionValue) for [Anonymous Symbol]
    stm32f4xx_adc.o(.ARM.exidx.text.ADC_DMACmd) refers to stm32f4xx_adc.o(.text.ADC_DMACmd) for [Anonymous Symbol]
    stm32f4xx_adc.o(.ARM.exidx.text.ADC_DMARequestAfterLastTransferCmd) refers to stm32f4xx_adc.o(.text.ADC_DMARequestAfterLastTransferCmd) for [Anonymous Symbol]
    stm32f4xx_adc.o(.ARM.exidx.text.ADC_MultiModeDMARequestAfterLastTransferCmd) refers to stm32f4xx_adc.o(.text.ADC_MultiModeDMARequestAfterLastTransferCmd) for [Anonymous Symbol]
    stm32f4xx_adc.o(.ARM.exidx.text.ADC_InjectedChannelConfig) refers to stm32f4xx_adc.o(.text.ADC_InjectedChannelConfig) for [Anonymous Symbol]
    stm32f4xx_adc.o(.ARM.exidx.text.ADC_InjectedSequencerLengthConfig) refers to stm32f4xx_adc.o(.text.ADC_InjectedSequencerLengthConfig) for [Anonymous Symbol]
    stm32f4xx_adc.o(.ARM.exidx.text.ADC_SetInjectedOffset) refers to stm32f4xx_adc.o(.text.ADC_SetInjectedOffset) for [Anonymous Symbol]
    stm32f4xx_adc.o(.ARM.exidx.text.ADC_ExternalTrigInjectedConvConfig) refers to stm32f4xx_adc.o(.text.ADC_ExternalTrigInjectedConvConfig) for [Anonymous Symbol]
    stm32f4xx_adc.o(.ARM.exidx.text.ADC_ExternalTrigInjectedConvEdgeConfig) refers to stm32f4xx_adc.o(.text.ADC_ExternalTrigInjectedConvEdgeConfig) for [Anonymous Symbol]
    stm32f4xx_adc.o(.ARM.exidx.text.ADC_SoftwareStartInjectedConv) refers to stm32f4xx_adc.o(.text.ADC_SoftwareStartInjectedConv) for [Anonymous Symbol]
    stm32f4xx_adc.o(.ARM.exidx.text.ADC_GetSoftwareStartInjectedConvCmdStatus) refers to stm32f4xx_adc.o(.text.ADC_GetSoftwareStartInjectedConvCmdStatus) for [Anonymous Symbol]
    stm32f4xx_adc.o(.ARM.exidx.text.ADC_AutoInjectedConvCmd) refers to stm32f4xx_adc.o(.text.ADC_AutoInjectedConvCmd) for [Anonymous Symbol]
    stm32f4xx_adc.o(.ARM.exidx.text.ADC_InjectedDiscModeCmd) refers to stm32f4xx_adc.o(.text.ADC_InjectedDiscModeCmd) for [Anonymous Symbol]
    stm32f4xx_adc.o(.ARM.exidx.text.ADC_GetInjectedConversionValue) refers to stm32f4xx_adc.o(.text.ADC_GetInjectedConversionValue) for [Anonymous Symbol]
    stm32f4xx_adc.o(.ARM.exidx.text.ADC_ITConfig) refers to stm32f4xx_adc.o(.text.ADC_ITConfig) for [Anonymous Symbol]
    stm32f4xx_adc.o(.ARM.exidx.text.ADC_GetFlagStatus) refers to stm32f4xx_adc.o(.text.ADC_GetFlagStatus) for [Anonymous Symbol]
    stm32f4xx_adc.o(.ARM.exidx.text.ADC_ClearFlag) refers to stm32f4xx_adc.o(.text.ADC_ClearFlag) for [Anonymous Symbol]
    stm32f4xx_adc.o(.ARM.exidx.text.ADC_GetITStatus) refers to stm32f4xx_adc.o(.text.ADC_GetITStatus) for [Anonymous Symbol]
    stm32f4xx_adc.o(.ARM.exidx.text.ADC_ClearITPendingBit) refers to stm32f4xx_adc.o(.text.ADC_ClearITPendingBit) for [Anonymous Symbol]
    stm32f4xx_crc.o(.ARM.exidx.text.CRC_ResetDR) refers to stm32f4xx_crc.o(.text.CRC_ResetDR) for [Anonymous Symbol]
    stm32f4xx_crc.o(.ARM.exidx.text.CRC_CalcCRC) refers to stm32f4xx_crc.o(.text.CRC_CalcCRC) for [Anonymous Symbol]
    stm32f4xx_crc.o(.ARM.exidx.text.CRC_CalcBlockCRC) refers to stm32f4xx_crc.o(.text.CRC_CalcBlockCRC) for [Anonymous Symbol]
    stm32f4xx_crc.o(.ARM.exidx.text.CRC_GetCRC) refers to stm32f4xx_crc.o(.text.CRC_GetCRC) for [Anonymous Symbol]
    stm32f4xx_crc.o(.ARM.exidx.text.CRC_SetIDRegister) refers to stm32f4xx_crc.o(.text.CRC_SetIDRegister) for [Anonymous Symbol]
    stm32f4xx_crc.o(.ARM.exidx.text.CRC_GetIDRegister) refers to stm32f4xx_crc.o(.text.CRC_GetIDRegister) for [Anonymous Symbol]
    stm32f4xx_exti.o(.ARM.exidx.text.EXTI_DeInit) refers to stm32f4xx_exti.o(.text.EXTI_DeInit) for [Anonymous Symbol]
    stm32f4xx_exti.o(.ARM.exidx.text.EXTI_Init) refers to stm32f4xx_exti.o(.text.EXTI_Init) for [Anonymous Symbol]
    stm32f4xx_exti.o(.ARM.exidx.text.EXTI_StructInit) refers to stm32f4xx_exti.o(.text.EXTI_StructInit) for [Anonymous Symbol]
    stm32f4xx_exti.o(.ARM.exidx.text.EXTI_GenerateSWInterrupt) refers to stm32f4xx_exti.o(.text.EXTI_GenerateSWInterrupt) for [Anonymous Symbol]
    stm32f4xx_exti.o(.ARM.exidx.text.EXTI_GetFlagStatus) refers to stm32f4xx_exti.o(.text.EXTI_GetFlagStatus) for [Anonymous Symbol]
    stm32f4xx_exti.o(.ARM.exidx.text.EXTI_ClearFlag) refers to stm32f4xx_exti.o(.text.EXTI_ClearFlag) for [Anonymous Symbol]
    stm32f4xx_exti.o(.ARM.exidx.text.EXTI_GetITStatus) refers to stm32f4xx_exti.o(.text.EXTI_GetITStatus) for [Anonymous Symbol]
    stm32f4xx_exti.o(.ARM.exidx.text.EXTI_ClearITPendingBit) refers to stm32f4xx_exti.o(.text.EXTI_ClearITPendingBit) for [Anonymous Symbol]
    stm32f4xx_rcc.o(.ARM.exidx.text.RCC_DeInit) refers to stm32f4xx_rcc.o(.text.RCC_DeInit) for [Anonymous Symbol]
    stm32f4xx_rcc.o(.ARM.exidx.text.RCC_HSEConfig) refers to stm32f4xx_rcc.o(.text.RCC_HSEConfig) for [Anonymous Symbol]
    stm32f4xx_rcc.o(.text.RCC_WaitForHSEStartUp) refers to stm32f4xx_rcc.o(.text.RCC_GetFlagStatus) for RCC_GetFlagStatus
    stm32f4xx_rcc.o(.ARM.exidx.text.RCC_WaitForHSEStartUp) refers to stm32f4xx_rcc.o(.text.RCC_WaitForHSEStartUp) for [Anonymous Symbol]
    stm32f4xx_rcc.o(.ARM.exidx.text.RCC_GetFlagStatus) refers to stm32f4xx_rcc.o(.text.RCC_GetFlagStatus) for [Anonymous Symbol]
    stm32f4xx_rcc.o(.ARM.exidx.text.RCC_AdjustHSICalibrationValue) refers to stm32f4xx_rcc.o(.text.RCC_AdjustHSICalibrationValue) for [Anonymous Symbol]
    stm32f4xx_rcc.o(.ARM.exidx.text.RCC_HSICmd) refers to stm32f4xx_rcc.o(.text.RCC_HSICmd) for [Anonymous Symbol]
    stm32f4xx_rcc.o(.ARM.exidx.text.RCC_LSEConfig) refers to stm32f4xx_rcc.o(.text.RCC_LSEConfig) for [Anonymous Symbol]
    stm32f4xx_rcc.o(.ARM.exidx.text.RCC_LSICmd) refers to stm32f4xx_rcc.o(.text.RCC_LSICmd) for [Anonymous Symbol]
    stm32f4xx_rcc.o(.ARM.exidx.text.RCC_PLLConfig) refers to stm32f4xx_rcc.o(.text.RCC_PLLConfig) for [Anonymous Symbol]
    stm32f4xx_rcc.o(.ARM.exidx.text.RCC_PLLCmd) refers to stm32f4xx_rcc.o(.text.RCC_PLLCmd) for [Anonymous Symbol]
    stm32f4xx_rcc.o(.ARM.exidx.text.RCC_PLLI2SConfig) refers to stm32f4xx_rcc.o(.text.RCC_PLLI2SConfig) for [Anonymous Symbol]
    stm32f4xx_rcc.o(.ARM.exidx.text.RCC_PLLI2SCmd) refers to stm32f4xx_rcc.o(.text.RCC_PLLI2SCmd) for [Anonymous Symbol]
    stm32f4xx_rcc.o(.ARM.exidx.text.RCC_PLLSAIConfig) refers to stm32f4xx_rcc.o(.text.RCC_PLLSAIConfig) for [Anonymous Symbol]
    stm32f4xx_rcc.o(.ARM.exidx.text.RCC_PLLSAICmd) refers to stm32f4xx_rcc.o(.text.RCC_PLLSAICmd) for [Anonymous Symbol]
    stm32f4xx_rcc.o(.ARM.exidx.text.RCC_ClockSecuritySystemCmd) refers to stm32f4xx_rcc.o(.text.RCC_ClockSecuritySystemCmd) for [Anonymous Symbol]
    stm32f4xx_rcc.o(.ARM.exidx.text.RCC_MCO1Config) refers to stm32f4xx_rcc.o(.text.RCC_MCO1Config) for [Anonymous Symbol]
    stm32f4xx_rcc.o(.ARM.exidx.text.RCC_MCO2Config) refers to stm32f4xx_rcc.o(.text.RCC_MCO2Config) for [Anonymous Symbol]
    stm32f4xx_rcc.o(.ARM.exidx.text.RCC_SYSCLKConfig) refers to stm32f4xx_rcc.o(.text.RCC_SYSCLKConfig) for [Anonymous Symbol]
    stm32f4xx_rcc.o(.ARM.exidx.text.RCC_GetSYSCLKSource) refers to stm32f4xx_rcc.o(.text.RCC_GetSYSCLKSource) for [Anonymous Symbol]
    stm32f4xx_rcc.o(.ARM.exidx.text.RCC_HCLKConfig) refers to stm32f4xx_rcc.o(.text.RCC_HCLKConfig) for [Anonymous Symbol]
    stm32f4xx_rcc.o(.ARM.exidx.text.RCC_PCLK1Config) refers to stm32f4xx_rcc.o(.text.RCC_PCLK1Config) for [Anonymous Symbol]
    stm32f4xx_rcc.o(.ARM.exidx.text.RCC_PCLK2Config) refers to stm32f4xx_rcc.o(.text.RCC_PCLK2Config) for [Anonymous Symbol]
    stm32f4xx_rcc.o(.text.RCC_GetClocksFreq) refers to stm32f4xx_rcc.o(.rodata.APBAHBPrescTable) for APBAHBPrescTable
    stm32f4xx_rcc.o(.ARM.exidx.text.RCC_GetClocksFreq) refers to stm32f4xx_rcc.o(.text.RCC_GetClocksFreq) for [Anonymous Symbol]
    stm32f4xx_rcc.o(.ARM.exidx.text.RCC_RTCCLKConfig) refers to stm32f4xx_rcc.o(.text.RCC_RTCCLKConfig) for [Anonymous Symbol]
    stm32f4xx_rcc.o(.ARM.exidx.text.RCC_RTCCLKCmd) refers to stm32f4xx_rcc.o(.text.RCC_RTCCLKCmd) for [Anonymous Symbol]
    stm32f4xx_rcc.o(.ARM.exidx.text.RCC_BackupResetCmd) refers to stm32f4xx_rcc.o(.text.RCC_BackupResetCmd) for [Anonymous Symbol]
    stm32f4xx_rcc.o(.ARM.exidx.text.RCC_I2SCLKConfig) refers to stm32f4xx_rcc.o(.text.RCC_I2SCLKConfig) for [Anonymous Symbol]
    stm32f4xx_rcc.o(.ARM.exidx.text.RCC_SAIPLLI2SClkDivConfig) refers to stm32f4xx_rcc.o(.text.RCC_SAIPLLI2SClkDivConfig) for [Anonymous Symbol]
    stm32f4xx_rcc.o(.ARM.exidx.text.RCC_SAIPLLSAIClkDivConfig) refers to stm32f4xx_rcc.o(.text.RCC_SAIPLLSAIClkDivConfig) for [Anonymous Symbol]
    stm32f4xx_rcc.o(.ARM.exidx.text.RCC_SAIBlockACLKConfig) refers to stm32f4xx_rcc.o(.text.RCC_SAIBlockACLKConfig) for [Anonymous Symbol]
    stm32f4xx_rcc.o(.ARM.exidx.text.RCC_SAIBlockBCLKConfig) refers to stm32f4xx_rcc.o(.text.RCC_SAIBlockBCLKConfig) for [Anonymous Symbol]
    stm32f4xx_rcc.o(.ARM.exidx.text.RCC_LTDCCLKDivConfig) refers to stm32f4xx_rcc.o(.text.RCC_LTDCCLKDivConfig) for [Anonymous Symbol]
    stm32f4xx_rcc.o(.ARM.exidx.text.RCC_TIMCLKPresConfig) refers to stm32f4xx_rcc.o(.text.RCC_TIMCLKPresConfig) for [Anonymous Symbol]
    stm32f4xx_rcc.o(.ARM.exidx.text.RCC_AHB1PeriphClockCmd) refers to stm32f4xx_rcc.o(.text.RCC_AHB1PeriphClockCmd) for [Anonymous Symbol]
    stm32f4xx_rcc.o(.ARM.exidx.text.RCC_AHB2PeriphClockCmd) refers to stm32f4xx_rcc.o(.text.RCC_AHB2PeriphClockCmd) for [Anonymous Symbol]
    stm32f4xx_rcc.o(.ARM.exidx.text.RCC_AHB3PeriphClockCmd) refers to stm32f4xx_rcc.o(.text.RCC_AHB3PeriphClockCmd) for [Anonymous Symbol]
    stm32f4xx_rcc.o(.ARM.exidx.text.RCC_APB1PeriphClockCmd) refers to stm32f4xx_rcc.o(.text.RCC_APB1PeriphClockCmd) for [Anonymous Symbol]
    stm32f4xx_rcc.o(.ARM.exidx.text.RCC_APB2PeriphClockCmd) refers to stm32f4xx_rcc.o(.text.RCC_APB2PeriphClockCmd) for [Anonymous Symbol]
    stm32f4xx_rcc.o(.ARM.exidx.text.RCC_AHB1PeriphResetCmd) refers to stm32f4xx_rcc.o(.text.RCC_AHB1PeriphResetCmd) for [Anonymous Symbol]
    stm32f4xx_rcc.o(.ARM.exidx.text.RCC_AHB2PeriphResetCmd) refers to stm32f4xx_rcc.o(.text.RCC_AHB2PeriphResetCmd) for [Anonymous Symbol]
    stm32f4xx_rcc.o(.ARM.exidx.text.RCC_AHB3PeriphResetCmd) refers to stm32f4xx_rcc.o(.text.RCC_AHB3PeriphResetCmd) for [Anonymous Symbol]
    stm32f4xx_rcc.o(.ARM.exidx.text.RCC_APB1PeriphResetCmd) refers to stm32f4xx_rcc.o(.text.RCC_APB1PeriphResetCmd) for [Anonymous Symbol]
    stm32f4xx_rcc.o(.ARM.exidx.text.RCC_APB2PeriphResetCmd) refers to stm32f4xx_rcc.o(.text.RCC_APB2PeriphResetCmd) for [Anonymous Symbol]
    stm32f4xx_rcc.o(.ARM.exidx.text.RCC_AHB1PeriphClockLPModeCmd) refers to stm32f4xx_rcc.o(.text.RCC_AHB1PeriphClockLPModeCmd) for [Anonymous Symbol]
    stm32f4xx_rcc.o(.ARM.exidx.text.RCC_AHB2PeriphClockLPModeCmd) refers to stm32f4xx_rcc.o(.text.RCC_AHB2PeriphClockLPModeCmd) for [Anonymous Symbol]
    stm32f4xx_rcc.o(.ARM.exidx.text.RCC_AHB3PeriphClockLPModeCmd) refers to stm32f4xx_rcc.o(.text.RCC_AHB3PeriphClockLPModeCmd) for [Anonymous Symbol]
    stm32f4xx_rcc.o(.ARM.exidx.text.RCC_APB1PeriphClockLPModeCmd) refers to stm32f4xx_rcc.o(.text.RCC_APB1PeriphClockLPModeCmd) for [Anonymous Symbol]
    stm32f4xx_rcc.o(.ARM.exidx.text.RCC_APB2PeriphClockLPModeCmd) refers to stm32f4xx_rcc.o(.text.RCC_APB2PeriphClockLPModeCmd) for [Anonymous Symbol]
    stm32f4xx_rcc.o(.ARM.exidx.text.RCC_ITConfig) refers to stm32f4xx_rcc.o(.text.RCC_ITConfig) for [Anonymous Symbol]
    stm32f4xx_rcc.o(.ARM.exidx.text.RCC_ClearFlag) refers to stm32f4xx_rcc.o(.text.RCC_ClearFlag) for [Anonymous Symbol]
    stm32f4xx_rcc.o(.ARM.exidx.text.RCC_GetITStatus) refers to stm32f4xx_rcc.o(.text.RCC_GetITStatus) for [Anonymous Symbol]
    stm32f4xx_rcc.o(.ARM.exidx.text.RCC_ClearITPendingBit) refers to stm32f4xx_rcc.o(.text.RCC_ClearITPendingBit) for [Anonymous Symbol]
    stm32f4xx_gpio.o(.text.GPIO_DeInit) refers to stm32f4xx_rcc.o(.text.RCC_AHB1PeriphResetCmd) for RCC_AHB1PeriphResetCmd
    stm32f4xx_gpio.o(.ARM.exidx.text.GPIO_DeInit) refers to stm32f4xx_gpio.o(.text.GPIO_DeInit) for [Anonymous Symbol]
    stm32f4xx_gpio.o(.ARM.exidx.text.GPIO_Init) refers to stm32f4xx_gpio.o(.text.GPIO_Init) for [Anonymous Symbol]
    stm32f4xx_gpio.o(.ARM.exidx.text.GPIO_StructInit) refers to stm32f4xx_gpio.o(.text.GPIO_StructInit) for [Anonymous Symbol]
    stm32f4xx_gpio.o(.ARM.exidx.text.GPIO_PinLockConfig) refers to stm32f4xx_gpio.o(.text.GPIO_PinLockConfig) for [Anonymous Symbol]
    stm32f4xx_gpio.o(.ARM.exidx.text.GPIO_ReadInputDataBit) refers to stm32f4xx_gpio.o(.text.GPIO_ReadInputDataBit) for [Anonymous Symbol]
    stm32f4xx_gpio.o(.ARM.exidx.text.GPIO_ReadInputData) refers to stm32f4xx_gpio.o(.text.GPIO_ReadInputData) for [Anonymous Symbol]
    stm32f4xx_gpio.o(.ARM.exidx.text.GPIO_ReadOutputDataBit) refers to stm32f4xx_gpio.o(.text.GPIO_ReadOutputDataBit) for [Anonymous Symbol]
    stm32f4xx_gpio.o(.ARM.exidx.text.GPIO_ReadOutputData) refers to stm32f4xx_gpio.o(.text.GPIO_ReadOutputData) for [Anonymous Symbol]
    stm32f4xx_gpio.o(.ARM.exidx.text.GPIO_SetBits) refers to stm32f4xx_gpio.o(.text.GPIO_SetBits) for [Anonymous Symbol]
    stm32f4xx_gpio.o(.ARM.exidx.text.GPIO_ResetBits) refers to stm32f4xx_gpio.o(.text.GPIO_ResetBits) for [Anonymous Symbol]
    stm32f4xx_gpio.o(.ARM.exidx.text.GPIO_WriteBit) refers to stm32f4xx_gpio.o(.text.GPIO_WriteBit) for [Anonymous Symbol]
    stm32f4xx_gpio.o(.ARM.exidx.text.GPIO_Write) refers to stm32f4xx_gpio.o(.text.GPIO_Write) for [Anonymous Symbol]
    stm32f4xx_gpio.o(.ARM.exidx.text.GPIO_ToggleBits) refers to stm32f4xx_gpio.o(.text.GPIO_ToggleBits) for [Anonymous Symbol]
    stm32f4xx_gpio.o(.ARM.exidx.text.GPIO_PinAFConfig) refers to stm32f4xx_gpio.o(.text.GPIO_PinAFConfig) for [Anonymous Symbol]
    system_stm32f4xx.o(.ARM.exidx.text.SystemInit) refers to system_stm32f4xx.o(.text.SystemInit) for [Anonymous Symbol]
    system_stm32f4xx.o(.text.SystemCoreClockUpdate) refers to system_stm32f4xx.o(.data.SystemCoreClock) for SystemCoreClock
    system_stm32f4xx.o(.text.SystemCoreClockUpdate) refers to system_stm32f4xx.o(.rodata.AHBPrescTable) for AHBPrescTable
    system_stm32f4xx.o(.ARM.exidx.text.SystemCoreClockUpdate) refers to system_stm32f4xx.o(.text.SystemCoreClockUpdate) for [Anonymous Symbol]
    __main.o(!!!main) refers to __rtentry.o(.ARM.Collect$$rtentry$$00000000) for __rt_entry
    __rtentry.o(.ARM.Collect$$rtentry$$00000000) refers (Special) to __rtentry2.o(.ARM.Collect$$rtentry$$0000000A) for __rt_entry_li
    __rtentry.o(.ARM.Collect$$rtentry$$00000000) refers (Special) to __rtentry2.o(.ARM.Collect$$rtentry$$0000000D) for __rt_entry_main
    __rtentry.o(.ARM.Collect$$rtentry$$00000000) refers (Special) to __rtentry2.o(.ARM.Collect$$rtentry$$0000000C) for __rt_entry_postli_1
    __rtentry.o(.ARM.Collect$$rtentry$$00000000) refers (Special) to __rtentry2.o(.ARM.Collect$$rtentry$$00000009) for __rt_entry_postsh_1
    __rtentry.o(.ARM.Collect$$rtentry$$00000000) refers (Special) to __rtentry2.o(.ARM.Collect$$rtentry$$00000002) for __rt_entry_presh_1
    __rtentry.o(.ARM.Collect$$rtentry$$00000000) refers (Special) to __rtentry4.o(.ARM.Collect$$rtentry$$00000004) for __rt_entry_sh
    __rtentry2.o(.ARM.Collect$$rtentry$$00000008) refers to boardinit2.o(.text) for _platform_post_stackheap_init
    __rtentry2.o(.ARM.Collect$$rtentry$$0000000A) refers to libinit.o(.ARM.Collect$$libinit$$00000000) for __rt_lib_init
    __rtentry2.o(.ARM.Collect$$rtentry$$0000000B) refers to boardinit3.o(.text) for _platform_post_lib_init
    __rtentry2.o(.ARM.Collect$$rtentry$$0000000D) refers to main.o(.text.main) for main
    __rtentry2.o(.ARM.Collect$$rtentry$$0000000D) refers to exit.o(.text) for exit
    __rtentry2.o(.ARM.exidx) refers to __rtentry2.o(.ARM.Collect$$rtentry$$00000001) for .ARM.Collect$$rtentry$$00000001
    __rtentry2.o(.ARM.exidx) refers to __rtentry2.o(.ARM.Collect$$rtentry$$00000008) for .ARM.Collect$$rtentry$$00000008
    __rtentry2.o(.ARM.exidx) refers to __rtentry2.o(.ARM.Collect$$rtentry$$0000000A) for .ARM.Collect$$rtentry$$0000000A
    __rtentry2.o(.ARM.exidx) refers to __rtentry2.o(.ARM.Collect$$rtentry$$0000000B) for .ARM.Collect$$rtentry$$0000000B
    __rtentry2.o(.ARM.exidx) refers to __rtentry2.o(.ARM.Collect$$rtentry$$0000000D) for .ARM.Collect$$rtentry$$0000000D
    __rtentry4.o(.ARM.Collect$$rtentry$$00000004) refers to sys_stackheap_outer.o(.text) for __user_setup_stackheap
    __rtentry4.o(.ARM.exidx) refers to __rtentry4.o(.ARM.Collect$$rtentry$$00000004) for .ARM.Collect$$rtentry$$00000004
    sys_stackheap_outer.o(.text) refers to libspace.o(.text) for __user_perproc_libspace
    sys_stackheap_outer.o(.text) refers to startup_stm32f401xc.o(.text) for __user_initial_stackheap
    exit.o(.text) refers to rtexit.o(.ARM.Collect$$rtexit$$00000000) for __rt_exit
    libinit.o(.ARM.Collect$$libinit$$00000000) refers (Special) to libinit2.o(.ARM.Collect$$libinit$$00000030) for __rt_lib_init_alloca_1
    libinit.o(.ARM.Collect$$libinit$$00000000) refers (Special) to libinit2.o(.ARM.Collect$$libinit$$0000002E) for __rt_lib_init_argv_1
    libinit.o(.ARM.Collect$$libinit$$00000000) refers (Special) to libinit2.o(.ARM.Collect$$libinit$$0000001D) for __rt_lib_init_atexit_1
    libinit.o(.ARM.Collect$$libinit$$00000000) refers (Special) to libinit2.o(.ARM.Collect$$libinit$$00000023) for __rt_lib_init_clock_1
    libinit.o(.ARM.Collect$$libinit$$00000000) refers (Special) to libinit2.o(.ARM.Collect$$libinit$$00000034) for __rt_lib_init_cpp_1
    libinit.o(.ARM.Collect$$libinit$$00000000) refers (Special) to libinit2.o(.ARM.Collect$$libinit$$00000032) for __rt_lib_init_exceptions_1
    libinit.o(.ARM.Collect$$libinit$$00000000) refers (Special) to libinit2.o(.ARM.Collect$$libinit$$00000001) for __rt_lib_init_fp_1
    libinit.o(.ARM.Collect$$libinit$$00000000) refers (Special) to libinit2.o(.ARM.Collect$$libinit$$00000021) for __rt_lib_init_fp_trap_1
    libinit.o(.ARM.Collect$$libinit$$00000000) refers (Special) to libinit2.o(.ARM.Collect$$libinit$$00000025) for __rt_lib_init_getenv_1
    libinit.o(.ARM.Collect$$libinit$$00000000) refers (Special) to libinit2.o(.ARM.Collect$$libinit$$0000000C) for __rt_lib_init_heap_1
    libinit.o(.ARM.Collect$$libinit$$00000000) refers (Special) to libinit2.o(.ARM.Collect$$libinit$$00000013) for __rt_lib_init_lc_collate_1
    libinit.o(.ARM.Collect$$libinit$$00000000) refers (Special) to libinit2.o(.ARM.Collect$$libinit$$00000015) for __rt_lib_init_lc_ctype_1
    libinit.o(.ARM.Collect$$libinit$$00000000) refers (Special) to libinit2.o(.ARM.Collect$$libinit$$00000017) for __rt_lib_init_lc_monetary_1
    libinit.o(.ARM.Collect$$libinit$$00000000) refers (Special) to libinit2.o(.ARM.Collect$$libinit$$00000019) for __rt_lib_init_lc_numeric_1
    libinit.o(.ARM.Collect$$libinit$$00000000) refers (Special) to libinit2.o(.ARM.Collect$$libinit$$0000001B) for __rt_lib_init_lc_time_1
    libinit.o(.ARM.Collect$$libinit$$00000000) refers (Special) to libinit2.o(.ARM.Collect$$libinit$$00000006) for __rt_lib_init_preinit_1
    libinit.o(.ARM.Collect$$libinit$$00000000) refers (Special) to libinit2.o(.ARM.Collect$$libinit$$00000010) for __rt_lib_init_rand_1
    libinit.o(.ARM.Collect$$libinit$$00000000) refers (Special) to libinit2.o(.ARM.Collect$$libinit$$00000004) for __rt_lib_init_relocate_pie_1
    libinit.o(.ARM.Collect$$libinit$$00000000) refers (Special) to libinit2.o(.ARM.Collect$$libinit$$00000035) for __rt_lib_init_return
    libinit.o(.ARM.Collect$$libinit$$00000000) refers (Special) to libinit2.o(.ARM.Collect$$libinit$$0000001F) for __rt_lib_init_signal_1
    libinit.o(.ARM.Collect$$libinit$$00000000) refers (Special) to libinit2.o(.ARM.Collect$$libinit$$00000027) for __rt_lib_init_stdio_1
    libinit.o(.ARM.Collect$$libinit$$00000000) refers (Special) to libinit2.o(.ARM.Collect$$libinit$$0000000E) for __rt_lib_init_user_alloc_1
    libspace.o(.text) refers to libspace.o(.bss) for __libspace_start
    rtexit.o(.ARM.Collect$$rtexit$$00000000) refers (Special) to rtexit2.o(.ARM.Collect$$rtexit$$00000004) for __rt_exit_exit
    rtexit.o(.ARM.Collect$$rtexit$$00000000) refers (Special) to rtexit2.o(.ARM.Collect$$rtexit$$00000003) for __rt_exit_ls
    rtexit.o(.ARM.Collect$$rtexit$$00000000) refers (Special) to rtexit2.o(.ARM.Collect$$rtexit$$00000002) for __rt_exit_prels_1
    rtexit.o(.ARM.exidx) refers (Special) to rtexit2.o(.ARM.Collect$$rtexit$$00000004) for __rt_exit_exit
    rtexit.o(.ARM.exidx) refers (Special) to rtexit2.o(.ARM.Collect$$rtexit$$00000003) for __rt_exit_ls
    rtexit.o(.ARM.exidx) refers (Special) to rtexit2.o(.ARM.Collect$$rtexit$$00000002) for __rt_exit_prels_1
    rtexit.o(.ARM.exidx) refers to rtexit.o(.ARM.Collect$$rtexit$$00000000) for .ARM.Collect$$rtexit$$00000000
    libinit2.o(.ARM.Collect$$libinit$$00000001) refers to fpinit.o(x$fpl$fpinit) for _fp_init
    libinit2.o(.ARM.Collect$$libinit$$00000012) refers to libinit2.o(.ARM.Collect$$libinit$$00000011) for .ARM.Collect$$libinit$$00000011
    libinit2.o(.ARM.Collect$$libinit$$00000014) refers to libinit2.o(.ARM.Collect$$libinit$$00000011) for .ARM.Collect$$libinit$$00000011
    libinit2.o(.ARM.Collect$$libinit$$00000016) refers to libinit2.o(.ARM.Collect$$libinit$$00000011) for .ARM.Collect$$libinit$$00000011
    libinit2.o(.ARM.Collect$$libinit$$00000018) refers to libinit2.o(.ARM.Collect$$libinit$$00000011) for .ARM.Collect$$libinit$$00000011
    libinit2.o(.ARM.Collect$$libinit$$0000001A) refers to libinit2.o(.ARM.Collect$$libinit$$00000011) for .ARM.Collect$$libinit$$00000011
    libinit2.o(.ARM.Collect$$libinit$$00000028) refers to argv_veneer.o(.emb_text) for __ARM_argv_veneer
    libinit2.o(.ARM.Collect$$libinit$$00000029) refers to argv_veneer.o(.emb_text) for __ARM_argv_veneer
    rtexit2.o(.ARM.Collect$$rtexit$$00000003) refers to libshutdown.o(.ARM.Collect$$libshutdown$$00000000) for __rt_lib_shutdown
    rtexit2.o(.ARM.Collect$$rtexit$$00000004) refers to sys_exit.o(.text) for _sys_exit
    rtexit2.o(.ARM.exidx) refers to rtexit2.o(.ARM.Collect$$rtexit$$00000001) for .ARM.Collect$$rtexit$$00000001
    rtexit2.o(.ARM.exidx) refers to rtexit2.o(.ARM.Collect$$rtexit$$00000003) for .ARM.Collect$$rtexit$$00000003
    rtexit2.o(.ARM.exidx) refers to rtexit2.o(.ARM.Collect$$rtexit$$00000004) for .ARM.Collect$$rtexit$$00000004
    argv_veneer.o(.emb_text) refers to no_argv.o(.text) for __ARM_get_argv
    sys_exit.o(.text) refers (Special) to use_no_semi.o(.text) for __I$use$semihosting
    sys_exit.o(.text) refers (Special) to indicate_semi.o(.text) for __semihosting_library_function
    sys_exit_hlt.o(.text) refers (Special) to use_no_semi.o(.text) for __I$use$semihosting
    sys_exit_hlt.o(.text) refers (Special) to indicate_semi.o(.text) for __semihosting_library_function
    _get_argv_nomalloc.o(.text) refers (Special) to hrguard.o(.text) for __heap_region$guard
    _get_argv_nomalloc.o(.text) refers to defsig_rtmem_outer.o(.text) for __rt_SIGRTMEM
    _get_argv_nomalloc.o(.text) refers to sys_command.o(.text) for _sys_command_string
    libshutdown.o(.ARM.Collect$$libshutdown$$00000000) refers (Special) to libshutdown2.o(.ARM.Collect$$libshutdown$$00000002) for __rt_lib_shutdown_cpp_1
    libshutdown.o(.ARM.Collect$$libshutdown$$00000000) refers (Special) to libshutdown2.o(.ARM.Collect$$libshutdown$$00000007) for __rt_lib_shutdown_fp_trap_1
    libshutdown.o(.ARM.Collect$$libshutdown$$00000000) refers (Special) to libshutdown2.o(.ARM.Collect$$libshutdown$$0000000F) for __rt_lib_shutdown_heap_1
    libshutdown.o(.ARM.Collect$$libshutdown$$00000000) refers (Special) to libshutdown2.o(.ARM.Collect$$libshutdown$$00000010) for __rt_lib_shutdown_return
    libshutdown.o(.ARM.Collect$$libshutdown$$00000000) refers (Special) to libshutdown2.o(.ARM.Collect$$libshutdown$$0000000A) for __rt_lib_shutdown_signal_1
    libshutdown.o(.ARM.Collect$$libshutdown$$00000000) refers (Special) to libshutdown2.o(.ARM.Collect$$libshutdown$$00000004) for __rt_lib_shutdown_stdio_1
    libshutdown.o(.ARM.Collect$$libshutdown$$00000000) refers (Special) to libshutdown2.o(.ARM.Collect$$libshutdown$$0000000C) for __rt_lib_shutdown_user_alloc_1
    sys_command.o(.text) refers (Special) to use_no_semi.o(.text) for __I$use$semihosting
    sys_command.o(.text) refers (Special) to indicate_semi.o(.text) for __semihosting_library_function
    sys_command_hlt.o(.text) refers (Special) to use_no_semi.o(.text) for __I$use$semihosting
    sys_command_hlt.o(.text) refers (Special) to indicate_semi.o(.text) for __semihosting_library_function
    defsig_rtmem_outer.o(.text) refers to defsig_rtmem_inner.o(.text) for __rt_SIGRTMEM_inner
    defsig_rtmem_outer.o(.text) refers to defsig_exit.o(.text) for __sig_exit
    defsig_rtmem_formal.o(.text) refers to rt_raise.o(.text) for __rt_raise
    rt_raise.o(.text) refers to __raise.o(.text) for __raise
    rt_raise.o(.text) refers to sys_exit.o(.text) for _sys_exit
    defsig_exit.o(.text) refers to sys_exit.o(.text) for _sys_exit
    defsig_rtmem_inner.o(.text) refers to defsig_general.o(.text) for __default_signal_display
    __raise.o(.text) refers to defsig.o(CL$$defsig) for __default_signal_handler
    defsig_general.o(.text) refers to sys_wrch.o(.text) for _ttywrch
    sys_wrch.o(.text) refers (Special) to use_no_semi.o(.text) for __I$use$semihosting
    sys_wrch.o(.text) refers (Special) to indicate_semi.o(.text) for __semihosting_library_function
    sys_wrch_hlt.o(.text) refers (Special) to use_no_semi.o(.text) for __I$use$semihosting
    sys_wrch_hlt.o(.text) refers (Special) to indicate_semi.o(.text) for __semihosting_library_function
    defsig.o(CL$$defsig) refers to defsig_rtmem_inner.o(.text) for __rt_SIGRTMEM_inner
    defsig_abrt_inner.o(.text) refers to defsig_general.o(.text) for __default_signal_display
    defsig_fpe_inner.o(.text) refers to defsig_general.o(.text) for __default_signal_display
    defsig_rtred_inner.o(.text) refers to defsig_general.o(.text) for __default_signal_display
    defsig_stak_inner.o(.text) refers to defsig_general.o(.text) for __default_signal_display
    defsig_pvfn_inner.o(.text) refers to defsig_general.o(.text) for __default_signal_display
    defsig_cppl_inner.o(.text) refers to defsig_general.o(.text) for __default_signal_display
    defsig_segv_inner.o(.text) refers to defsig_general.o(.text) for __default_signal_display
    defsig_other.o(.text) refers to defsig_general.o(.text) for __default_signal_display


==============================================================================

Removing Unused input sections from the image.

    Removing main.o(.text), (0 bytes).
    Removing main.o(.ARM.exidx.text.main), (8 bytes).
    Removing main.o(.ARM.use_no_argv), (4 bytes).
    Removing misc.o(.text), (0 bytes).
    Removing misc.o(.text.NVIC_PriorityGroupConfig), (28 bytes).
    Removing misc.o(.ARM.exidx.text.NVIC_PriorityGroupConfig), (8 bytes).
    Removing misc.o(.text.NVIC_Init), (182 bytes).
    Removing misc.o(.ARM.exidx.text.NVIC_Init), (8 bytes).
    Removing misc.o(.text.NVIC_SetVectorTable), (36 bytes).
    Removing misc.o(.ARM.exidx.text.NVIC_SetVectorTable), (8 bytes).
    Removing misc.o(.text.NVIC_SystemLPConfig), (62 bytes).
    Removing misc.o(.ARM.exidx.text.NVIC_SystemLPConfig), (8 bytes).
    Removing misc.o(.text.SysTick_CLKSourceConfig), (52 bytes).
    Removing misc.o(.ARM.exidx.text.SysTick_CLKSourceConfig), (8 bytes).
    Removing stm32f4xx_adc.o(.text), (0 bytes).
    Removing stm32f4xx_adc.o(.text.ADC_DeInit), (28 bytes).
    Removing stm32f4xx_adc.o(.ARM.exidx.text.ADC_DeInit), (8 bytes).
    Removing stm32f4xx_adc.o(.text.ADC_Init), (158 bytes).
    Removing stm32f4xx_adc.o(.ARM.exidx.text.ADC_Init), (8 bytes).
    Removing stm32f4xx_adc.o(.text.ADC_StructInit), (40 bytes).
    Removing stm32f4xx_adc.o(.ARM.exidx.text.ADC_StructInit), (8 bytes).
    Removing stm32f4xx_adc.o(.text.ADC_CommonInit), (68 bytes).
    Removing stm32f4xx_adc.o(.ARM.exidx.text.ADC_CommonInit), (8 bytes).
    Removing stm32f4xx_adc.o(.text.ADC_CommonStructInit), (26 bytes).
    Removing stm32f4xx_adc.o(.ARM.exidx.text.ADC_CommonStructInit), (8 bytes).
    Removing stm32f4xx_adc.o(.text.ADC_Cmd), (44 bytes).
    Removing stm32f4xx_adc.o(.ARM.exidx.text.ADC_Cmd), (8 bytes).
    Removing stm32f4xx_adc.o(.text.ADC_AnalogWatchdogCmd), (48 bytes).
    Removing stm32f4xx_adc.o(.ARM.exidx.text.ADC_AnalogWatchdogCmd), (8 bytes).
    Removing stm32f4xx_adc.o(.text.ADC_AnalogWatchdogThresholdsConfig), (32 bytes).
    Removing stm32f4xx_adc.o(.ARM.exidx.text.ADC_AnalogWatchdogThresholdsConfig), (8 bytes).
    Removing stm32f4xx_adc.o(.text.ADC_AnalogWatchdogSingleChannelConfig), (46 bytes).
    Removing stm32f4xx_adc.o(.ARM.exidx.text.ADC_AnalogWatchdogSingleChannelConfig), (8 bytes).
    Removing stm32f4xx_adc.o(.text.ADC_TempSensorVrefintCmd), (54 bytes).
    Removing stm32f4xx_adc.o(.ARM.exidx.text.ADC_TempSensorVrefintCmd), (8 bytes).
    Removing stm32f4xx_adc.o(.text.ADC_VBATCmd), (54 bytes).
    Removing stm32f4xx_adc.o(.ARM.exidx.text.ADC_VBATCmd), (8 bytes).
    Removing stm32f4xx_adc.o(.text.ADC_RegularChannelConfig), (380 bytes).
    Removing stm32f4xx_adc.o(.ARM.exidx.text.ADC_RegularChannelConfig), (8 bytes).
    Removing stm32f4xx_adc.o(.text.ADC_SoftwareStartConv), (18 bytes).
    Removing stm32f4xx_adc.o(.ARM.exidx.text.ADC_SoftwareStartConv), (8 bytes).
    Removing stm32f4xx_adc.o(.text.ADC_GetSoftwareStartConvStatus), (46 bytes).
    Removing stm32f4xx_adc.o(.ARM.exidx.text.ADC_GetSoftwareStartConvStatus), (8 bytes).
    Removing stm32f4xx_adc.o(.text.ADC_EOCOnEachRegularChannelCmd), (44 bytes).
    Removing stm32f4xx_adc.o(.ARM.exidx.text.ADC_EOCOnEachRegularChannelCmd), (8 bytes).
    Removing stm32f4xx_adc.o(.text.ADC_ContinuousModeCmd), (44 bytes).
    Removing stm32f4xx_adc.o(.ARM.exidx.text.ADC_ContinuousModeCmd), (8 bytes).
    Removing stm32f4xx_adc.o(.text.ADC_DiscModeChannelCountConfig), (56 bytes).
    Removing stm32f4xx_adc.o(.ARM.exidx.text.ADC_DiscModeChannelCountConfig), (8 bytes).
    Removing stm32f4xx_adc.o(.text.ADC_DiscModeCmd), (44 bytes).
    Removing stm32f4xx_adc.o(.ARM.exidx.text.ADC_DiscModeCmd), (8 bytes).
    Removing stm32f4xx_adc.o(.text.ADC_GetConversionValue), (14 bytes).
    Removing stm32f4xx_adc.o(.ARM.exidx.text.ADC_GetConversionValue), (8 bytes).
    Removing stm32f4xx_adc.o(.text.ADC_GetMultiModeConversionValue), (12 bytes).
    Removing stm32f4xx_adc.o(.ARM.exidx.text.ADC_GetMultiModeConversionValue), (8 bytes).
    Removing stm32f4xx_adc.o(.text.ADC_DMACmd), (44 bytes).
    Removing stm32f4xx_adc.o(.ARM.exidx.text.ADC_DMACmd), (8 bytes).
    Removing stm32f4xx_adc.o(.text.ADC_DMARequestAfterLastTransferCmd), (44 bytes).
    Removing stm32f4xx_adc.o(.ARM.exidx.text.ADC_DMARequestAfterLastTransferCmd), (8 bytes).
    Removing stm32f4xx_adc.o(.text.ADC_MultiModeDMARequestAfterLastTransferCmd), (54 bytes).
    Removing stm32f4xx_adc.o(.ARM.exidx.text.ADC_MultiModeDMARequestAfterLastTransferCmd), (8 bytes).
    Removing stm32f4xx_adc.o(.text.ADC_InjectedChannelConfig), (254 bytes).
    Removing stm32f4xx_adc.o(.ARM.exidx.text.ADC_InjectedChannelConfig), (8 bytes).
    Removing stm32f4xx_adc.o(.text.ADC_InjectedSequencerLengthConfig), (56 bytes).
    Removing stm32f4xx_adc.o(.ARM.exidx.text.ADC_InjectedSequencerLengthConfig), (8 bytes).
    Removing stm32f4xx_adc.o(.text.ADC_SetInjectedOffset), (42 bytes).
    Removing stm32f4xx_adc.o(.ARM.exidx.text.ADC_SetInjectedOffset), (8 bytes).
    Removing stm32f4xx_adc.o(.text.ADC_ExternalTrigInjectedConvConfig), (42 bytes).
    Removing stm32f4xx_adc.o(.ARM.exidx.text.ADC_ExternalTrigInjectedConvConfig), (8 bytes).
    Removing stm32f4xx_adc.o(.text.ADC_ExternalTrigInjectedConvEdgeConfig), (42 bytes).
    Removing stm32f4xx_adc.o(.ARM.exidx.text.ADC_ExternalTrigInjectedConvEdgeConfig), (8 bytes).
    Removing stm32f4xx_adc.o(.text.ADC_SoftwareStartInjectedConv), (18 bytes).
    Removing stm32f4xx_adc.o(.ARM.exidx.text.ADC_SoftwareStartInjectedConv), (8 bytes).
    Removing stm32f4xx_adc.o(.text.ADC_GetSoftwareStartInjectedConvCmdStatus), (46 bytes).
    Removing stm32f4xx_adc.o(.ARM.exidx.text.ADC_GetSoftwareStartInjectedConvCmdStatus), (8 bytes).
    Removing stm32f4xx_adc.o(.text.ADC_AutoInjectedConvCmd), (44 bytes).
    Removing stm32f4xx_adc.o(.ARM.exidx.text.ADC_AutoInjectedConvCmd), (8 bytes).
    Removing stm32f4xx_adc.o(.text.ADC_InjectedDiscModeCmd), (44 bytes).
    Removing stm32f4xx_adc.o(.ARM.exidx.text.ADC_InjectedDiscModeCmd), (8 bytes).
    Removing stm32f4xx_adc.o(.text.ADC_GetInjectedConversionValue), (38 bytes).
    Removing stm32f4xx_adc.o(.ARM.exidx.text.ADC_GetInjectedConversionValue), (8 bytes).
    Removing stm32f4xx_adc.o(.text.ADC_ITConfig), (66 bytes).
    Removing stm32f4xx_adc.o(.ARM.exidx.text.ADC_ITConfig), (8 bytes).
    Removing stm32f4xx_adc.o(.text.ADC_GetFlagStatus), (52 bytes).
    Removing stm32f4xx_adc.o(.ARM.exidx.text.ADC_GetFlagStatus), (8 bytes).
    Removing stm32f4xx_adc.o(.text.ADC_ClearFlag), (22 bytes).
    Removing stm32f4xx_adc.o(.ARM.exidx.text.ADC_ClearFlag), (8 bytes).
    Removing stm32f4xx_adc.o(.text.ADC_GetITStatus), (82 bytes).
    Removing stm32f4xx_adc.o(.ARM.exidx.text.ADC_GetITStatus), (8 bytes).
    Removing stm32f4xx_adc.o(.text.ADC_ClearITPendingBit), (36 bytes).
    Removing stm32f4xx_adc.o(.ARM.exidx.text.ADC_ClearITPendingBit), (8 bytes).
    Removing stm32f4xx_crc.o(.text), (0 bytes).
    Removing stm32f4xx_crc.o(.text.CRC_ResetDR), (14 bytes).
    Removing stm32f4xx_crc.o(.ARM.exidx.text.CRC_ResetDR), (8 bytes).
    Removing stm32f4xx_crc.o(.text.CRC_CalcCRC), (22 bytes).
    Removing stm32f4xx_crc.o(.ARM.exidx.text.CRC_CalcCRC), (8 bytes).
    Removing stm32f4xx_crc.o(.text.CRC_CalcBlockCRC), (66 bytes).
    Removing stm32f4xx_crc.o(.ARM.exidx.text.CRC_CalcBlockCRC), (8 bytes).
    Removing stm32f4xx_crc.o(.text.CRC_GetCRC), (12 bytes).
    Removing stm32f4xx_crc.o(.ARM.exidx.text.CRC_GetCRC), (8 bytes).
    Removing stm32f4xx_crc.o(.text.CRC_SetIDRegister), (24 bytes).
    Removing stm32f4xx_crc.o(.ARM.exidx.text.CRC_SetIDRegister), (8 bytes).
    Removing stm32f4xx_crc.o(.text.CRC_GetIDRegister), (12 bytes).
    Removing stm32f4xx_crc.o(.ARM.exidx.text.CRC_GetIDRegister), (8 bytes).
    Removing stm32f4xx_exti.o(.text), (0 bytes).
    Removing stm32f4xx_exti.o(.text.EXTI_DeInit), (62 bytes).
    Removing stm32f4xx_exti.o(.ARM.exidx.text.EXTI_DeInit), (8 bytes).
    Removing stm32f4xx_exti.o(.text.EXTI_Init), (234 bytes).
    Removing stm32f4xx_exti.o(.ARM.exidx.text.EXTI_Init), (8 bytes).
    Removing stm32f4xx_exti.o(.text.EXTI_StructInit), (28 bytes).
    Removing stm32f4xx_exti.o(.ARM.exidx.text.EXTI_StructInit), (8 bytes).
    Removing stm32f4xx_exti.o(.text.EXTI_GenerateSWInterrupt), (24 bytes).
    Removing stm32f4xx_exti.o(.ARM.exidx.text.EXTI_GenerateSWInterrupt), (8 bytes).
    Removing stm32f4xx_exti.o(.text.EXTI_GetFlagStatus), (52 bytes).
    Removing stm32f4xx_exti.o(.ARM.exidx.text.EXTI_GetFlagStatus), (8 bytes).
    Removing stm32f4xx_exti.o(.text.EXTI_ClearFlag), (20 bytes).
    Removing stm32f4xx_exti.o(.ARM.exidx.text.EXTI_ClearFlag), (8 bytes).
    Removing stm32f4xx_exti.o(.text.EXTI_GetITStatus), (52 bytes).
    Removing stm32f4xx_exti.o(.ARM.exidx.text.EXTI_GetITStatus), (8 bytes).
    Removing stm32f4xx_exti.o(.text.EXTI_ClearITPendingBit), (20 bytes).
    Removing stm32f4xx_exti.o(.ARM.exidx.text.EXTI_ClearITPendingBit), (8 bytes).
    Removing stm32f4xx_rcc.o(.text), (0 bytes).
    Removing stm32f4xx_rcc.o(.text.RCC_DeInit), (126 bytes).
    Removing stm32f4xx_rcc.o(.ARM.exidx.text.RCC_DeInit), (8 bytes).
    Removing stm32f4xx_rcc.o(.text.RCC_HSEConfig), (28 bytes).
    Removing stm32f4xx_rcc.o(.ARM.exidx.text.RCC_HSEConfig), (8 bytes).
    Removing stm32f4xx_rcc.o(.text.RCC_WaitForHSEStartUp), (108 bytes).
    Removing stm32f4xx_rcc.o(.ARM.exidx.text.RCC_WaitForHSEStartUp), (8 bytes).
    Removing stm32f4xx_rcc.o(.text.RCC_GetFlagStatus), (130 bytes).
    Removing stm32f4xx_rcc.o(.ARM.exidx.text.RCC_GetFlagStatus), (8 bytes).
    Removing stm32f4xx_rcc.o(.text.RCC_AdjustHSICalibrationValue), (50 bytes).
    Removing stm32f4xx_rcc.o(.ARM.exidx.text.RCC_AdjustHSICalibrationValue), (8 bytes).
    Removing stm32f4xx_rcc.o(.text.RCC_HSICmd), (22 bytes).
    Removing stm32f4xx_rcc.o(.ARM.exidx.text.RCC_HSICmd), (8 bytes).
    Removing stm32f4xx_rcc.o(.text.RCC_LSEConfig), (76 bytes).
    Removing stm32f4xx_rcc.o(.ARM.exidx.text.RCC_LSEConfig), (8 bytes).
    Removing stm32f4xx_rcc.o(.text.RCC_LSICmd), (24 bytes).
    Removing stm32f4xx_rcc.o(.ARM.exidx.text.RCC_LSICmd), (8 bytes).
    Removing stm32f4xx_rcc.o(.text.RCC_PLLConfig), (62 bytes).
    Removing stm32f4xx_rcc.o(.ARM.exidx.text.RCC_PLLConfig), (8 bytes).
    Removing stm32f4xx_rcc.o(.text.RCC_PLLCmd), (22 bytes).
    Removing stm32f4xx_rcc.o(.ARM.exidx.text.RCC_PLLCmd), (8 bytes).
    Removing stm32f4xx_rcc.o(.text.RCC_PLLI2SConfig), (30 bytes).
    Removing stm32f4xx_rcc.o(.ARM.exidx.text.RCC_PLLI2SConfig), (8 bytes).
    Removing stm32f4xx_rcc.o(.text.RCC_PLLI2SCmd), (22 bytes).
    Removing stm32f4xx_rcc.o(.ARM.exidx.text.RCC_PLLI2SCmd), (8 bytes).
    Removing stm32f4xx_rcc.o(.text.RCC_PLLSAIConfig), (38 bytes).
    Removing stm32f4xx_rcc.o(.ARM.exidx.text.RCC_PLLSAIConfig), (8 bytes).
    Removing stm32f4xx_rcc.o(.text.RCC_PLLSAICmd), (22 bytes).
    Removing stm32f4xx_rcc.o(.ARM.exidx.text.RCC_PLLSAICmd), (8 bytes).
    Removing stm32f4xx_rcc.o(.text.RCC_ClockSecuritySystemCmd), (22 bytes).
    Removing stm32f4xx_rcc.o(.ARM.exidx.text.RCC_ClockSecuritySystemCmd), (8 bytes).
    Removing stm32f4xx_rcc.o(.text.RCC_MCO1Config), (50 bytes).
    Removing stm32f4xx_rcc.o(.ARM.exidx.text.RCC_MCO1Config), (8 bytes).
    Removing stm32f4xx_rcc.o(.text.RCC_MCO2Config), (50 bytes).
    Removing stm32f4xx_rcc.o(.ARM.exidx.text.RCC_MCO2Config), (8 bytes).
    Removing stm32f4xx_rcc.o(.text.RCC_SYSCLKConfig), (44 bytes).
    Removing stm32f4xx_rcc.o(.ARM.exidx.text.RCC_SYSCLKConfig), (8 bytes).
    Removing stm32f4xx_rcc.o(.text.RCC_GetSYSCLKSource), (16 bytes).
    Removing stm32f4xx_rcc.o(.ARM.exidx.text.RCC_GetSYSCLKSource), (8 bytes).
    Removing stm32f4xx_rcc.o(.text.RCC_HCLKConfig), (44 bytes).
    Removing stm32f4xx_rcc.o(.ARM.exidx.text.RCC_HCLKConfig), (8 bytes).
    Removing stm32f4xx_rcc.o(.text.RCC_PCLK1Config), (44 bytes).
    Removing stm32f4xx_rcc.o(.ARM.exidx.text.RCC_PCLK1Config), (8 bytes).
    Removing stm32f4xx_rcc.o(.text.RCC_PCLK2Config), (46 bytes).
    Removing stm32f4xx_rcc.o(.ARM.exidx.text.RCC_PCLK2Config), (8 bytes).
    Removing stm32f4xx_rcc.o(.text.RCC_GetClocksFreq), (354 bytes).
    Removing stm32f4xx_rcc.o(.ARM.exidx.text.RCC_GetClocksFreq), (8 bytes).
    Removing stm32f4xx_rcc.o(.text.RCC_RTCCLKConfig), (90 bytes).
    Removing stm32f4xx_rcc.o(.ARM.exidx.text.RCC_RTCCLKConfig), (8 bytes).
    Removing stm32f4xx_rcc.o(.text.RCC_RTCCLKCmd), (24 bytes).
    Removing stm32f4xx_rcc.o(.ARM.exidx.text.RCC_RTCCLKCmd), (8 bytes).
    Removing stm32f4xx_rcc.o(.text.RCC_BackupResetCmd), (24 bytes).
    Removing stm32f4xx_rcc.o(.ARM.exidx.text.RCC_BackupResetCmd), (8 bytes).
    Removing stm32f4xx_rcc.o(.text.RCC_I2SCLKConfig), (20 bytes).
    Removing stm32f4xx_rcc.o(.ARM.exidx.text.RCC_I2SCLKConfig), (8 bytes).
    Removing stm32f4xx_rcc.o(.text.RCC_SAIPLLI2SClkDivConfig), (46 bytes).
    Removing stm32f4xx_rcc.o(.ARM.exidx.text.RCC_SAIPLLI2SClkDivConfig), (8 bytes).
    Removing stm32f4xx_rcc.o(.text.RCC_SAIPLLSAIClkDivConfig), (52 bytes).
    Removing stm32f4xx_rcc.o(.ARM.exidx.text.RCC_SAIPLLSAIClkDivConfig), (8 bytes).
    Removing stm32f4xx_rcc.o(.text.RCC_SAIBlockACLKConfig), (44 bytes).
    Removing stm32f4xx_rcc.o(.ARM.exidx.text.RCC_SAIBlockACLKConfig), (8 bytes).
    Removing stm32f4xx_rcc.o(.text.RCC_SAIBlockBCLKConfig), (44 bytes).
    Removing stm32f4xx_rcc.o(.ARM.exidx.text.RCC_SAIBlockBCLKConfig), (8 bytes).
    Removing stm32f4xx_rcc.o(.text.RCC_LTDCCLKDivConfig), (44 bytes).
    Removing stm32f4xx_rcc.o(.ARM.exidx.text.RCC_LTDCCLKDivConfig), (8 bytes).
    Removing stm32f4xx_rcc.o(.text.RCC_TIMCLKPresConfig), (20 bytes).
    Removing stm32f4xx_rcc.o(.ARM.exidx.text.RCC_TIMCLKPresConfig), (8 bytes).
    Removing stm32f4xx_rcc.o(.ARM.exidx.text.RCC_AHB1PeriphClockCmd), (8 bytes).
    Removing stm32f4xx_rcc.o(.text.RCC_AHB2PeriphClockCmd), (56 bytes).
    Removing stm32f4xx_rcc.o(.ARM.exidx.text.RCC_AHB2PeriphClockCmd), (8 bytes).
    Removing stm32f4xx_rcc.o(.text.RCC_AHB3PeriphClockCmd), (56 bytes).
    Removing stm32f4xx_rcc.o(.ARM.exidx.text.RCC_AHB3PeriphClockCmd), (8 bytes).
    Removing stm32f4xx_rcc.o(.text.RCC_APB1PeriphClockCmd), (56 bytes).
    Removing stm32f4xx_rcc.o(.ARM.exidx.text.RCC_APB1PeriphClockCmd), (8 bytes).
    Removing stm32f4xx_rcc.o(.text.RCC_APB2PeriphClockCmd), (56 bytes).
    Removing stm32f4xx_rcc.o(.ARM.exidx.text.RCC_APB2PeriphClockCmd), (8 bytes).
    Removing stm32f4xx_rcc.o(.text.RCC_AHB1PeriphResetCmd), (56 bytes).
    Removing stm32f4xx_rcc.o(.ARM.exidx.text.RCC_AHB1PeriphResetCmd), (8 bytes).
    Removing stm32f4xx_rcc.o(.text.RCC_AHB2PeriphResetCmd), (56 bytes).
    Removing stm32f4xx_rcc.o(.ARM.exidx.text.RCC_AHB2PeriphResetCmd), (8 bytes).
    Removing stm32f4xx_rcc.o(.text.RCC_AHB3PeriphResetCmd), (56 bytes).
    Removing stm32f4xx_rcc.o(.ARM.exidx.text.RCC_AHB3PeriphResetCmd), (8 bytes).
    Removing stm32f4xx_rcc.o(.text.RCC_APB1PeriphResetCmd), (56 bytes).
    Removing stm32f4xx_rcc.o(.ARM.exidx.text.RCC_APB1PeriphResetCmd), (8 bytes).
    Removing stm32f4xx_rcc.o(.text.RCC_APB2PeriphResetCmd), (56 bytes).
    Removing stm32f4xx_rcc.o(.ARM.exidx.text.RCC_APB2PeriphResetCmd), (8 bytes).
    Removing stm32f4xx_rcc.o(.text.RCC_AHB1PeriphClockLPModeCmd), (56 bytes).
    Removing stm32f4xx_rcc.o(.ARM.exidx.text.RCC_AHB1PeriphClockLPModeCmd), (8 bytes).
    Removing stm32f4xx_rcc.o(.text.RCC_AHB2PeriphClockLPModeCmd), (56 bytes).
    Removing stm32f4xx_rcc.o(.ARM.exidx.text.RCC_AHB2PeriphClockLPModeCmd), (8 bytes).
    Removing stm32f4xx_rcc.o(.text.RCC_AHB3PeriphClockLPModeCmd), (56 bytes).
    Removing stm32f4xx_rcc.o(.ARM.exidx.text.RCC_AHB3PeriphClockLPModeCmd), (8 bytes).
    Removing stm32f4xx_rcc.o(.text.RCC_APB1PeriphClockLPModeCmd), (56 bytes).
    Removing stm32f4xx_rcc.o(.ARM.exidx.text.RCC_APB1PeriphClockLPModeCmd), (8 bytes).
    Removing stm32f4xx_rcc.o(.text.RCC_APB2PeriphClockLPModeCmd), (56 bytes).
    Removing stm32f4xx_rcc.o(.ARM.exidx.text.RCC_APB2PeriphClockLPModeCmd), (8 bytes).
    Removing stm32f4xx_rcc.o(.text.RCC_ITConfig), (62 bytes).
    Removing stm32f4xx_rcc.o(.ARM.exidx.text.RCC_ITConfig), (8 bytes).
    Removing stm32f4xx_rcc.o(.text.RCC_ClearFlag), (18 bytes).
    Removing stm32f4xx_rcc.o(.ARM.exidx.text.RCC_ClearFlag), (8 bytes).
    Removing stm32f4xx_rcc.o(.text.RCC_GetITStatus), (56 bytes).
    Removing stm32f4xx_rcc.o(.ARM.exidx.text.RCC_GetITStatus), (8 bytes).
    Removing stm32f4xx_rcc.o(.text.RCC_ClearITPendingBit), (24 bytes).
    Removing stm32f4xx_rcc.o(.ARM.exidx.text.RCC_ClearITPendingBit), (8 bytes).
    Removing stm32f4xx_rcc.o(.rodata.APBAHBPrescTable), (16 bytes).
    Removing stm32f4xx_gpio.o(.text), (0 bytes).
    Removing stm32f4xx_gpio.o(.text.GPIO_DeInit), (430 bytes).
    Removing stm32f4xx_gpio.o(.ARM.exidx.text.GPIO_DeInit), (8 bytes).
    Removing stm32f4xx_gpio.o(.ARM.exidx.text.GPIO_Init), (8 bytes).
    Removing stm32f4xx_gpio.o(.ARM.exidx.text.GPIO_StructInit), (8 bytes).
    Removing stm32f4xx_gpio.o(.text.GPIO_PinLockConfig), (60 bytes).
    Removing stm32f4xx_gpio.o(.ARM.exidx.text.GPIO_PinLockConfig), (8 bytes).
    Removing stm32f4xx_gpio.o(.ARM.exidx.text.GPIO_ReadInputDataBit), (8 bytes).
    Removing stm32f4xx_gpio.o(.text.GPIO_ReadInputData), (14 bytes).
    Removing stm32f4xx_gpio.o(.ARM.exidx.text.GPIO_ReadInputData), (8 bytes).
    Removing stm32f4xx_gpio.o(.text.GPIO_ReadOutputDataBit), (52 bytes).
    Removing stm32f4xx_gpio.o(.ARM.exidx.text.GPIO_ReadOutputDataBit), (8 bytes).
    Removing stm32f4xx_gpio.o(.text.GPIO_ReadOutputData), (14 bytes).
    Removing stm32f4xx_gpio.o(.ARM.exidx.text.GPIO_ReadOutputData), (8 bytes).
    Removing stm32f4xx_gpio.o(.ARM.exidx.text.GPIO_SetBits), (8 bytes).
    Removing stm32f4xx_gpio.o(.ARM.exidx.text.GPIO_ResetBits), (8 bytes).
    Removing stm32f4xx_gpio.o(.text.GPIO_WriteBit), (44 bytes).
    Removing stm32f4xx_gpio.o(.ARM.exidx.text.GPIO_WriteBit), (8 bytes).
    Removing stm32f4xx_gpio.o(.text.GPIO_Write), (20 bytes).
    Removing stm32f4xx_gpio.o(.ARM.exidx.text.GPIO_Write), (8 bytes).
    Removing stm32f4xx_gpio.o(.text.GPIO_ToggleBits), (24 bytes).
    Removing stm32f4xx_gpio.o(.ARM.exidx.text.GPIO_ToggleBits), (8 bytes).
    Removing stm32f4xx_gpio.o(.text.GPIO_PinAFConfig), (114 bytes).
    Removing stm32f4xx_gpio.o(.ARM.exidx.text.GPIO_PinAFConfig), (8 bytes).
    Removing system_stm32f4xx.o(.text), (0 bytes).
    Removing system_stm32f4xx.o(.ARM.exidx.text.SystemInit), (8 bytes).
    Removing system_stm32f4xx.o(.text.SystemCoreClockUpdate), (302 bytes).
    Removing system_stm32f4xx.o(.ARM.exidx.text.SystemCoreClockUpdate), (8 bytes).
    Removing system_stm32f4xx.o(.data.SystemCoreClock), (4 bytes).
    Removing system_stm32f4xx.o(.rodata.AHBPrescTable), (16 bytes).
    Removing system_stm32f4xx.o(.rodata.APBPrescTable), (8 bytes).

257 unused section(s) (total 8196 bytes) removed from the image.

==============================================================================

Image Symbol Table

    Local Symbols

    Symbol Name                              Value     Ov Type        Size  Object(Section)

    ../clib/angel/boardlib.s                 0x00000000   Number         0  boardinit1.o ABSOLUTE
    ../clib/angel/boardlib.s                 0x00000000   Number         0  boardinit2.o ABSOLUTE
    ../clib/angel/boardlib.s                 0x00000000   Number         0  boardinit3.o ABSOLUTE
    ../clib/angel/boardlib.s                 0x00000000   Number         0  boardshut.o ABSOLUTE
    ../clib/angel/handlers.s                 0x00000000   Number         0  __scatter_zi.o ABSOLUTE
    ../clib/angel/kernel.s                   0x00000000   Number         0  __rtentry.o ABSOLUTE
    ../clib/angel/kernel.s                   0x00000000   Number         0  __rtentry2.o ABSOLUTE
    ../clib/angel/kernel.s                   0x00000000   Number         0  __rtentry4.o ABSOLUTE
    ../clib/angel/kernel.s                   0x00000000   Number         0  rtexit.o ABSOLUTE
    ../clib/angel/kernel.s                   0x00000000   Number         0  rtexit2.o ABSOLUTE
    ../clib/angel/rt.s                       0x00000000   Number         0  rt_raise.o ABSOLUTE
    ../clib/angel/scatter.s                  0x00000000   Number         0  __scatter.o ABSOLUTE
    ../clib/angel/startup.s                  0x00000000   Number         0  __main.o ABSOLUTE
    ../clib/angel/sys.s                      0x00000000   Number         0  sys_stackheap_outer.o ABSOLUTE
    ../clib/angel/sys.s                      0x00000000   Number         0  libspace.o ABSOLUTE
    ../clib/angel/sys.s                      0x00000000   Number         0  use_no_semi.o ABSOLUTE
    ../clib/angel/sys.s                      0x00000000   Number         0  indicate_semi.o ABSOLUTE
    ../clib/angel/sysapp.c                   0x00000000   Number         0  sys_exit.o ABSOLUTE
    ../clib/angel/sysapp.c                   0x00000000   Number         0  sys_exit_hlt.o ABSOLUTE
    ../clib/angel/sysapp.c                   0x00000000   Number         0  sys_command.o ABSOLUTE
    ../clib/angel/sysapp.c                   0x00000000   Number         0  sys_command_hlt.o ABSOLUTE
    ../clib/angel/sysapp.c                   0x00000000   Number         0  sys_wrch.o ABSOLUTE
    ../clib/angel/sysapp.c                   0x00000000   Number         0  sys_wrch_hlt.o ABSOLUTE
    ../clib/armsys.c                         0x00000000   Number         0  argv_veneer.o ABSOLUTE
    ../clib/armsys.c                         0x00000000   Number         0  argv_veneer.o ABSOLUTE
    ../clib/armsys.c                         0x00000000   Number         0  _get_argv_nomalloc.o ABSOLUTE
    ../clib/armsys.c                         0x00000000   Number         0  no_argv.o ABSOLUTE
    ../clib/heapalloc.c                      0x00000000   Number         0  hrguard.o ABSOLUTE
    ../clib/heapaux.c                        0x00000000   Number         0  heapauxi.o ABSOLUTE
    ../clib/libinit.s                        0x00000000   Number         0  libinit.o ABSOLUTE
    ../clib/libinit.s                        0x00000000   Number         0  libinit2.o ABSOLUTE
    ../clib/libinit.s                        0x00000000   Number         0  libshutdown.o ABSOLUTE
    ../clib/libinit.s                        0x00000000   Number         0  libshutdown2.o ABSOLUTE
    ../clib/signal.c                         0x00000000   Number         0  defsig_rtmem_outer.o ABSOLUTE
    ../clib/signal.c                         0x00000000   Number         0  defsig_rtmem_formal.o ABSOLUTE
    ../clib/signal.c                         0x00000000   Number         0  defsig_exit.o ABSOLUTE
    ../clib/signal.c                         0x00000000   Number         0  defsig_rtmem_inner.o ABSOLUTE
    ../clib/signal.c                         0x00000000   Number         0  __raise.o ABSOLUTE
    ../clib/signal.c                         0x00000000   Number         0  defsig_general.o ABSOLUTE
    ../clib/signal.c                         0x00000000   Number         0  defsig_abrt_inner.o ABSOLUTE
    ../clib/signal.c                         0x00000000   Number         0  defsig_fpe_inner.o ABSOLUTE
    ../clib/signal.c                         0x00000000   Number         0  defsig_rtred_inner.o ABSOLUTE
    ../clib/signal.c                         0x00000000   Number         0  defsig_stak_inner.o ABSOLUTE
    ../clib/signal.c                         0x00000000   Number         0  defsig_pvfn_inner.o ABSOLUTE
    ../clib/signal.c                         0x00000000   Number         0  defsig_cppl_inner.o ABSOLUTE
    ../clib/signal.c                         0x00000000   Number         0  defsig_segv_inner.o ABSOLUTE
    ../clib/signal.c                         0x00000000   Number         0  defsig_other.o ABSOLUTE
    ../clib/signal.s                         0x00000000   Number         0  defsig.o ABSOLUTE
    ../clib/stdlib.c                         0x00000000   Number         0  exit.o ABSOLUTE
    ../fplib/fpinit.s                        0x00000000   Number         0  fpinit.o ABSOLUTE
    RTE/startup_stm32f401xc.s                0x00000000   Number         0  startup_stm32f401xc.o ABSOLUTE
    dc.s                                     0x00000000   Number         0  dc.o ABSOLUTE
    main.c                                   0x00000000   Number         0  main.o ABSOLUTE
    misc.c                                   0x00000000   Number         0  misc.o ABSOLUTE
    stm32f4xx_adc.c                          0x00000000   Number         0  stm32f4xx_adc.o ABSOLUTE
    stm32f4xx_crc.c                          0x00000000   Number         0  stm32f4xx_crc.o ABSOLUTE
    stm32f4xx_exti.c                         0x00000000   Number         0  stm32f4xx_exti.o ABSOLUTE
    stm32f4xx_gpio.c                         0x00000000   Number         0  stm32f4xx_gpio.o ABSOLUTE
    stm32f4xx_rcc.c                          0x00000000   Number         0  stm32f4xx_rcc.o ABSOLUTE
    system_stm32f4xx.c                       0x00000000   Number         0  system_stm32f4xx.o ABSOLUTE
    RESET                                    0x08000000   Section      404  startup_stm32f401xc.o(RESET)
    !!!main                                  0x08000194   Section        8  __main.o(!!!main)
    !!!scatter                               0x0800019c   Section       92  __scatter.o(!!!scatter)
    !!handler_null                           0x080001f8   Section        2  __scatter.o(!!handler_null)
    !!handler_zi                             0x080001fc   Section       28  __scatter_zi.o(!!handler_zi)
    .ARM.Collect$$libinit$$00000000          0x08000218   Section        2  libinit.o(.ARM.Collect$$libinit$$00000000)
    .ARM.Collect$$libinit$$00000001          0x0800021a   Section        4  libinit2.o(.ARM.Collect$$libinit$$00000001)
    .ARM.Collect$$libinit$$00000004          0x0800021e   Section        0  libinit2.o(.ARM.Collect$$libinit$$00000004)
    .ARM.Collect$$libinit$$00000006          0x0800021e   Section        0  libinit2.o(.ARM.Collect$$libinit$$00000006)
    .ARM.Collect$$libinit$$0000000C          0x0800021e   Section        0  libinit2.o(.ARM.Collect$$libinit$$0000000C)
    .ARM.Collect$$libinit$$0000000E          0x0800021e   Section        0  libinit2.o(.ARM.Collect$$libinit$$0000000E)
    .ARM.Collect$$libinit$$00000010          0x0800021e   Section        0  libinit2.o(.ARM.Collect$$libinit$$00000010)
    .ARM.Collect$$libinit$$00000013          0x0800021e   Section        0  libinit2.o(.ARM.Collect$$libinit$$00000013)
    .ARM.Collect$$libinit$$00000015          0x0800021e   Section        0  libinit2.o(.ARM.Collect$$libinit$$00000015)
    .ARM.Collect$$libinit$$00000017          0x0800021e   Section        0  libinit2.o(.ARM.Collect$$libinit$$00000017)
    .ARM.Collect$$libinit$$00000019          0x0800021e   Section        0  libinit2.o(.ARM.Collect$$libinit$$00000019)
    .ARM.Collect$$libinit$$0000001B          0x0800021e   Section        0  libinit2.o(.ARM.Collect$$libinit$$0000001B)
    .ARM.Collect$$libinit$$0000001D          0x0800021e   Section        0  libinit2.o(.ARM.Collect$$libinit$$0000001D)
    .ARM.Collect$$libinit$$0000001F          0x0800021e   Section        0  libinit2.o(.ARM.Collect$$libinit$$0000001F)
    .ARM.Collect$$libinit$$00000021          0x0800021e   Section        0  libinit2.o(.ARM.Collect$$libinit$$00000021)
    .ARM.Collect$$libinit$$00000023          0x0800021e   Section        0  libinit2.o(.ARM.Collect$$libinit$$00000023)
    .ARM.Collect$$libinit$$00000025          0x0800021e   Section        0  libinit2.o(.ARM.Collect$$libinit$$00000025)
    .ARM.Collect$$libinit$$00000027          0x0800021e   Section        0  libinit2.o(.ARM.Collect$$libinit$$00000027)
    .ARM.Collect$$libinit$$0000002E          0x0800021e   Section        0  libinit2.o(.ARM.Collect$$libinit$$0000002E)
    .ARM.Collect$$libinit$$00000030          0x0800021e   Section        0  libinit2.o(.ARM.Collect$$libinit$$00000030)
    .ARM.Collect$$libinit$$00000032          0x0800021e   Section        0  libinit2.o(.ARM.Collect$$libinit$$00000032)
    .ARM.Collect$$libinit$$00000034          0x0800021e   Section        0  libinit2.o(.ARM.Collect$$libinit$$00000034)
    .ARM.Collect$$libinit$$00000035          0x0800021e   Section        2  libinit2.o(.ARM.Collect$$libinit$$00000035)
    .ARM.Collect$$libshutdown$$00000000      0x08000220   Section        2  libshutdown.o(.ARM.Collect$$libshutdown$$00000000)
    .ARM.Collect$$libshutdown$$00000002      0x08000222   Section        0  libshutdown2.o(.ARM.Collect$$libshutdown$$00000002)
    .ARM.Collect$$libshutdown$$00000004      0x08000222   Section        0  libshutdown2.o(.ARM.Collect$$libshutdown$$00000004)
    .ARM.Collect$$libshutdown$$00000007      0x08000222   Section        0  libshutdown2.o(.ARM.Collect$$libshutdown$$00000007)
    .ARM.Collect$$libshutdown$$0000000A      0x08000222   Section        0  libshutdown2.o(.ARM.Collect$$libshutdown$$0000000A)
    .ARM.Collect$$libshutdown$$0000000C      0x08000222   Section        0  libshutdown2.o(.ARM.Collect$$libshutdown$$0000000C)
    .ARM.Collect$$libshutdown$$0000000F      0x08000222   Section        0  libshutdown2.o(.ARM.Collect$$libshutdown$$0000000F)
    .ARM.Collect$$libshutdown$$00000010      0x08000222   Section        2  libshutdown2.o(.ARM.Collect$$libshutdown$$00000010)
    .ARM.Collect$$rtentry$$00000000          0x08000224   Section        0  __rtentry.o(.ARM.Collect$$rtentry$$00000000)
    .ARM.Collect$$rtentry$$00000002          0x08000224   Section        0  __rtentry2.o(.ARM.Collect$$rtentry$$00000002)
    .ARM.Collect$$rtentry$$00000004          0x08000224   Section        6  __rtentry4.o(.ARM.Collect$$rtentry$$00000004)
    .ARM.Collect$$rtentry$$00000009          0x0800022a   Section        0  __rtentry2.o(.ARM.Collect$$rtentry$$00000009)
    .ARM.Collect$$rtentry$$0000000A          0x0800022a   Section        4  __rtentry2.o(.ARM.Collect$$rtentry$$0000000A)
    .ARM.Collect$$rtentry$$0000000C          0x0800022e   Section        0  __rtentry2.o(.ARM.Collect$$rtentry$$0000000C)
    .ARM.Collect$$rtentry$$0000000D          0x0800022e   Section        8  __rtentry2.o(.ARM.Collect$$rtentry$$0000000D)
    .ARM.Collect$$rtexit$$00000000           0x08000236   Section        2  rtexit.o(.ARM.Collect$$rtexit$$00000000)
    .ARM.Collect$$rtexit$$00000002           0x08000238   Section        0  rtexit2.o(.ARM.Collect$$rtexit$$00000002)
    .ARM.Collect$$rtexit$$00000003           0x08000238   Section        4  rtexit2.o(.ARM.Collect$$rtexit$$00000003)
    .ARM.Collect$$rtexit$$00000004           0x0800023c   Section        6  rtexit2.o(.ARM.Collect$$rtexit$$00000004)
    $v0                                      0x08000244   Number         0  startup_stm32f401xc.o(.text)
    .text                                    0x08000244   Section       64  startup_stm32f401xc.o(.text)
    .text                                    0x08000284   Section        0  heapauxi.o(.text)
    .text                                    0x0800028a   Section       74  sys_stackheap_outer.o(.text)
    .text                                    0x080002d4   Section        0  exit.o(.text)
    .text                                    0x080002e8   Section        8  libspace.o(.text)
    .text                                    0x080002f0   Section        0  sys_exit.o(.text)
    .text                                    0x080002fc   Section        2  use_no_semi.o(.text)
    .text                                    0x080002fe   Section        0  indicate_semi.o(.text)
    [Anonymous Symbol]                       0x08000300   Section        0  stm32f4xx_gpio.o(.text.GPIO_Init)
    [Anonymous Symbol]                       0x080003f8   Section        0  stm32f4xx_gpio.o(.text.GPIO_ReadInputDataBit)
    [Anonymous Symbol]                       0x0800042c   Section        0  stm32f4xx_gpio.o(.text.GPIO_ResetBits)
    [Anonymous Symbol]                       0x08000440   Section        0  stm32f4xx_gpio.o(.text.GPIO_SetBits)
    [Anonymous Symbol]                       0x08000454   Section        0  stm32f4xx_gpio.o(.text.GPIO_StructInit)
    [Anonymous Symbol]                       0x08000478   Section        0  stm32f4xx_rcc.o(.text.RCC_AHB1PeriphClockCmd)
    [Anonymous Symbol]                       0x080004b0   Section        0  system_stm32f4xx.o(.text.SystemInit)
    [Anonymous Symbol]                       0x080004d0   Section        0  main.o(.text.main)
    $v0                                      0x0800055c   Number         0  fpinit.o(x$fpl$fpinit)
    x$fpl$fpinit                             0x0800055c   Section       26  fpinit.o(x$fpl$fpinit)
    .bss                                     0x20000000   Section       96  libspace.o(.bss)
    gpio_a                                   0x20000060   Data           8  main.o(.bss.gpio_a)
    [Anonymous Symbol]                       0x20000060   Section        0  main.o(.bss.gpio_a)
    gpio_b                                   0x20000068   Data           8  main.o(.bss.gpio_b)
    [Anonymous Symbol]                       0x20000068   Section        0  main.o(.bss.gpio_b)
    Heap_Mem                                 0x20000070   Data         512  startup_stm32f401xc.o(HEAP)
    HEAP                                     0x20000070   Section      512  startup_stm32f401xc.o(HEAP)
    Stack_Mem                                0x20000270   Data        1024  startup_stm32f401xc.o(STACK)
    STACK                                    0x20000270   Section     1024  startup_stm32f401xc.o(STACK)
    __initial_sp                             0x20000670   Data           0  startup_stm32f401xc.o(STACK)

    Global Symbols

    Symbol Name                              Value     Ov Type        Size  Object(Section)

    BuildAttributes$$THM_ISAv4$E$P$D$K$B$S$7EM$VFPi3$EXTD16$VFPS$VFMA$PE$A:L22UL41UL21$X:L11$S22US41US21$IEEE1$IW$~IW$USESV6$~STKCKD$USESV7$~SHL$OSPACE$ROPI$EBA8$UX$STANDARDLIB$REQ8$PRES8$EABIv2 0x00000000   Number         0  anon$$obj.o ABSOLUTE
    __ARM_exceptions_init                     - Undefined Weak Reference
    __alloca_initialize                       - Undefined Weak Reference
    __arm_preinit_                            - Undefined Weak Reference
    __arm_relocate_pie_                       - Undefined Weak Reference
    __cpp_initialize__aeabi_                  - Undefined Weak Reference
    __cxa_finalize                            - Undefined Weak Reference
    __rt_locale                               - Undefined Weak Reference
    __sigvec_lookup                           - Undefined Weak Reference
    _atexit_init                              - Undefined Weak Reference
    _call_atexit_fns                          - Undefined Weak Reference
    _clock_init                               - Undefined Weak Reference
    _fp_trap_init                             - Undefined Weak Reference
    _fp_trap_shutdown                         - Undefined Weak Reference
    _get_lc_collate                           - Undefined Weak Reference
    _get_lc_ctype                             - Undefined Weak Reference
    _get_lc_monetary                          - Undefined Weak Reference
    _get_lc_numeric                           - Undefined Weak Reference
    _get_lc_time                              - Undefined Weak Reference
    _getenv_init                              - Undefined Weak Reference
    _handle_redirection                       - Undefined Weak Reference
    _init_alloc                               - Undefined Weak Reference
    _init_user_alloc                          - Undefined Weak Reference
    _initio                                   - Undefined Weak Reference
    _rand_init                                - Undefined Weak Reference
    _signal_finish                            - Undefined Weak Reference
    _signal_init                              - Undefined Weak Reference
    _terminate_alloc                          - Undefined Weak Reference
    _terminate_user_alloc                     - Undefined Weak Reference
    _terminateio                              - Undefined Weak Reference
    __Vectors_Size                           0x00000194   Number         0  startup_stm32f401xc.o ABSOLUTE
    __Vectors                                0x08000000   Data           4  startup_stm32f401xc.o(RESET)
    __Vectors_End                            0x08000194   Data           0  startup_stm32f401xc.o(RESET)
    __main                                   0x08000195   Thumb Code     8  __main.o(!!!main)
    __scatterload                            0x0800019d   Thumb Code     0  __scatter.o(!!!scatter)
    __scatterload_rt2                        0x0800019d   Thumb Code    84  __scatter.o(!!!scatter)
    __scatterload_rt2_thumb_only             0x0800019d   Thumb Code     0  __scatter.o(!!!scatter)
    __scatterload_loop                       0x080001a7   Thumb Code     0  __scatter.o(!!!scatter)
    __scatterload_null                       0x080001f9   Thumb Code     2  __scatter.o(!!handler_null)
    __scatterload_zeroinit                   0x080001fd   Thumb Code    28  __scatter_zi.o(!!handler_zi)
    __rt_lib_init                            0x08000219   Thumb Code     0  libinit.o(.ARM.Collect$$libinit$$00000000)
    __rt_lib_init_fp_1                       0x0800021b   Thumb Code     0  libinit2.o(.ARM.Collect$$libinit$$00000001)
    __rt_lib_init_alloca_1                   0x0800021f   Thumb Code     0  libinit2.o(.ARM.Collect$$libinit$$00000030)
    __rt_lib_init_argv_1                     0x0800021f   Thumb Code     0  libinit2.o(.ARM.Collect$$libinit$$0000002E)
    __rt_lib_init_atexit_1                   0x0800021f   Thumb Code     0  libinit2.o(.ARM.Collect$$libinit$$0000001D)
    __rt_lib_init_clock_1                    0x0800021f   Thumb Code     0  libinit2.o(.ARM.Collect$$libinit$$00000023)
    __rt_lib_init_cpp_1                      0x0800021f   Thumb Code     0  libinit2.o(.ARM.Collect$$libinit$$00000034)
    __rt_lib_init_exceptions_1               0x0800021f   Thumb Code     0  libinit2.o(.ARM.Collect$$libinit$$00000032)
    __rt_lib_init_fp_trap_1                  0x0800021f   Thumb Code     0  libinit2.o(.ARM.Collect$$libinit$$00000021)
    __rt_lib_init_getenv_1                   0x0800021f   Thumb Code     0  libinit2.o(.ARM.Collect$$libinit$$00000025)
    __rt_lib_init_heap_1                     0x0800021f   Thumb Code     0  libinit2.o(.ARM.Collect$$libinit$$0000000C)
    __rt_lib_init_lc_collate_1               0x0800021f   Thumb Code     0  libinit2.o(.ARM.Collect$$libinit$$00000013)
    __rt_lib_init_lc_ctype_1                 0x0800021f   Thumb Code     0  libinit2.o(.ARM.Collect$$libinit$$00000015)
    __rt_lib_init_lc_monetary_1              0x0800021f   Thumb Code     0  libinit2.o(.ARM.Collect$$libinit$$00000017)
    __rt_lib_init_lc_numeric_1               0x0800021f   Thumb Code     0  libinit2.o(.ARM.Collect$$libinit$$00000019)
    __rt_lib_init_lc_time_1                  0x0800021f   Thumb Code     0  libinit2.o(.ARM.Collect$$libinit$$0000001B)
    __rt_lib_init_preinit_1                  0x0800021f   Thumb Code     0  libinit2.o(.ARM.Collect$$libinit$$00000006)
    __rt_lib_init_rand_1                     0x0800021f   Thumb Code     0  libinit2.o(.ARM.Collect$$libinit$$00000010)
    __rt_lib_init_relocate_pie_1             0x0800021f   Thumb Code     0  libinit2.o(.ARM.Collect$$libinit$$00000004)
    __rt_lib_init_return                     0x0800021f   Thumb Code     0  libinit2.o(.ARM.Collect$$libinit$$00000035)
    __rt_lib_init_signal_1                   0x0800021f   Thumb Code     0  libinit2.o(.ARM.Collect$$libinit$$0000001F)
    __rt_lib_init_stdio_1                    0x0800021f   Thumb Code     0  libinit2.o(.ARM.Collect$$libinit$$00000027)
    __rt_lib_init_user_alloc_1               0x0800021f   Thumb Code     0  libinit2.o(.ARM.Collect$$libinit$$0000000E)
    __rt_lib_shutdown                        0x08000221   Thumb Code     0  libshutdown.o(.ARM.Collect$$libshutdown$$00000000)
    __rt_lib_shutdown_cpp_1                  0x08000223   Thumb Code     0  libshutdown2.o(.ARM.Collect$$libshutdown$$00000002)
    __rt_lib_shutdown_fp_trap_1              0x08000223   Thumb Code     0  libshutdown2.o(.ARM.Collect$$libshutdown$$00000007)
    __rt_lib_shutdown_heap_1                 0x08000223   Thumb Code     0  libshutdown2.o(.ARM.Collect$$libshutdown$$0000000F)
    __rt_lib_shutdown_return                 0x08000223   Thumb Code     0  libshutdown2.o(.ARM.Collect$$libshutdown$$00000010)
    __rt_lib_shutdown_signal_1               0x08000223   Thumb Code     0  libshutdown2.o(.ARM.Collect$$libshutdown$$0000000A)
    __rt_lib_shutdown_stdio_1                0x08000223   Thumb Code     0  libshutdown2.o(.ARM.Collect$$libshutdown$$00000004)
    __rt_lib_shutdown_user_alloc_1           0x08000223   Thumb Code     0  libshutdown2.o(.ARM.Collect$$libshutdown$$0000000C)
    __rt_entry                               0x08000225   Thumb Code     0  __rtentry.o(.ARM.Collect$$rtentry$$00000000)
    __rt_entry_presh_1                       0x08000225   Thumb Code     0  __rtentry2.o(.ARM.Collect$$rtentry$$00000002)
    __rt_entry_sh                            0x08000225   Thumb Code     0  __rtentry4.o(.ARM.Collect$$rtentry$$00000004)
    __rt_entry_li                            0x0800022b   Thumb Code     0  __rtentry2.o(.ARM.Collect$$rtentry$$0000000A)
    __rt_entry_postsh_1                      0x0800022b   Thumb Code     0  __rtentry2.o(.ARM.Collect$$rtentry$$00000009)
    __rt_entry_main                          0x0800022f   Thumb Code     0  __rtentry2.o(.ARM.Collect$$rtentry$$0000000D)
    __rt_entry_postli_1                      0x0800022f   Thumb Code     0  __rtentry2.o(.ARM.Collect$$rtentry$$0000000C)
    __rt_exit                                0x08000237   Thumb Code     0  rtexit.o(.ARM.Collect$$rtexit$$00000000)
    __rt_exit_ls                             0x08000239   Thumb Code     0  rtexit2.o(.ARM.Collect$$rtexit$$00000003)
    __rt_exit_prels_1                        0x08000239   Thumb Code     0  rtexit2.o(.ARM.Collect$$rtexit$$00000002)
    __rt_exit_exit                           0x0800023d   Thumb Code     0  rtexit2.o(.ARM.Collect$$rtexit$$00000004)
    Reset_Handler                            0x08000245   Thumb Code     8  startup_stm32f401xc.o(.text)
    NMI_Handler                              0x0800024d   Thumb Code     2  startup_stm32f401xc.o(.text)
    HardFault_Handler                        0x0800024f   Thumb Code     2  startup_stm32f401xc.o(.text)
    MemManage_Handler                        0x08000251   Thumb Code     2  startup_stm32f401xc.o(.text)
    BusFault_Handler                         0x08000253   Thumb Code     2  startup_stm32f401xc.o(.text)
    UsageFault_Handler                       0x08000255   Thumb Code     2  startup_stm32f401xc.o(.text)
    SVC_Handler                              0x08000257   Thumb Code     2  startup_stm32f401xc.o(.text)
    DebugMon_Handler                         0x08000259   Thumb Code     2  startup_stm32f401xc.o(.text)
    PendSV_Handler                           0x0800025b   Thumb Code     2  startup_stm32f401xc.o(.text)
    SysTick_Handler                          0x0800025d   Thumb Code     2  startup_stm32f401xc.o(.text)
    ADC_IRQHandler                           0x0800025f   Thumb Code     0  startup_stm32f401xc.o(.text)
    DMA1_Stream0_IRQHandler                  0x0800025f   Thumb Code     0  startup_stm32f401xc.o(.text)
    DMA1_Stream1_IRQHandler                  0x0800025f   Thumb Code     0  startup_stm32f401xc.o(.text)
    DMA1_Stream2_IRQHandler                  0x0800025f   Thumb Code     0  startup_stm32f401xc.o(.text)
    DMA1_Stream3_IRQHandler                  0x0800025f   Thumb Code     0  startup_stm32f401xc.o(.text)
    DMA1_Stream4_IRQHandler                  0x0800025f   Thumb Code     0  startup_stm32f401xc.o(.text)
    DMA1_Stream5_IRQHandler                  0x0800025f   Thumb Code     0  startup_stm32f401xc.o(.text)
    DMA1_Stream6_IRQHandler                  0x0800025f   Thumb Code     0  startup_stm32f401xc.o(.text)
    DMA1_Stream7_IRQHandler                  0x0800025f   Thumb Code     0  startup_stm32f401xc.o(.text)
    DMA2_Stream0_IRQHandler                  0x0800025f   Thumb Code     0  startup_stm32f401xc.o(.text)
    DMA2_Stream1_IRQHandler                  0x0800025f   Thumb Code     0  startup_stm32f401xc.o(.text)
    DMA2_Stream2_IRQHandler                  0x0800025f   Thumb Code     0  startup_stm32f401xc.o(.text)
    DMA2_Stream3_IRQHandler                  0x0800025f   Thumb Code     0  startup_stm32f401xc.o(.text)
    DMA2_Stream4_IRQHandler                  0x0800025f   Thumb Code     0  startup_stm32f401xc.o(.text)
    DMA2_Stream5_IRQHandler                  0x0800025f   Thumb Code     0  startup_stm32f401xc.o(.text)
    DMA2_Stream6_IRQHandler                  0x0800025f   Thumb Code     0  startup_stm32f401xc.o(.text)
    DMA2_Stream7_IRQHandler                  0x0800025f   Thumb Code     0  startup_stm32f401xc.o(.text)
    EXTI0_IRQHandler                         0x0800025f   Thumb Code     0  startup_stm32f401xc.o(.text)
    EXTI15_10_IRQHandler                     0x0800025f   Thumb Code     0  startup_stm32f401xc.o(.text)
    EXTI1_IRQHandler                         0x0800025f   Thumb Code     0  startup_stm32f401xc.o(.text)
    EXTI2_IRQHandler                         0x0800025f   Thumb Code     0  startup_stm32f401xc.o(.text)
    EXTI3_IRQHandler                         0x0800025f   Thumb Code     0  startup_stm32f401xc.o(.text)
    EXTI4_IRQHandler                         0x0800025f   Thumb Code     0  startup_stm32f401xc.o(.text)
    EXTI9_5_IRQHandler                       0x0800025f   Thumb Code     0  startup_stm32f401xc.o(.text)
    FLASH_IRQHandler                         0x0800025f   Thumb Code     0  startup_stm32f401xc.o(.text)
    FPU_IRQHandler                           0x0800025f   Thumb Code     0  startup_stm32f401xc.o(.text)
    I2C1_ER_IRQHandler                       0x0800025f   Thumb Code     0  startup_stm32f401xc.o(.text)
    I2C1_EV_IRQHandler                       0x0800025f   Thumb Code     0  startup_stm32f401xc.o(.text)
    I2C2_ER_IRQHandler                       0x0800025f   Thumb Code     0  startup_stm32f401xc.o(.text)
    I2C2_EV_IRQHandler                       0x0800025f   Thumb Code     0  startup_stm32f401xc.o(.text)
    I2C3_ER_IRQHandler                       0x0800025f   Thumb Code     0  startup_stm32f401xc.o(.text)
    I2C3_EV_IRQHandler                       0x0800025f   Thumb Code     0  startup_stm32f401xc.o(.text)
    OTG_FS_IRQHandler                        0x0800025f   Thumb Code     0  startup_stm32f401xc.o(.text)
    OTG_FS_WKUP_IRQHandler                   0x0800025f   Thumb Code     0  startup_stm32f401xc.o(.text)
    PVD_IRQHandler                           0x0800025f   Thumb Code     0  startup_stm32f401xc.o(.text)
    RCC_IRQHandler                           0x0800025f   Thumb Code     0  startup_stm32f401xc.o(.text)
    RTC_Alarm_IRQHandler                     0x0800025f   Thumb Code     0  startup_stm32f401xc.o(.text)
    RTC_WKUP_IRQHandler                      0x0800025f   Thumb Code     0  startup_stm32f401xc.o(.text)
    SDIO_IRQHandler                          0x0800025f   Thumb Code     0  startup_stm32f401xc.o(.text)
    SPI1_IRQHandler                          0x0800025f   Thumb Code     0  startup_stm32f401xc.o(.text)
    SPI2_IRQHandler                          0x0800025f   Thumb Code     0  startup_stm32f401xc.o(.text)
    SPI3_IRQHandler                          0x0800025f   Thumb Code     0  startup_stm32f401xc.o(.text)
    SPI4_IRQHandler                          0x0800025f   Thumb Code     0  startup_stm32f401xc.o(.text)
    TAMP_STAMP_IRQHandler                    0x0800025f   Thumb Code     0  startup_stm32f401xc.o(.text)
    TIM1_BRK_TIM9_IRQHandler                 0x0800025f   Thumb Code     0  startup_stm32f401xc.o(.text)
    TIM1_CC_IRQHandler                       0x0800025f   Thumb Code     0  startup_stm32f401xc.o(.text)
    TIM1_TRG_COM_TIM11_IRQHandler            0x0800025f   Thumb Code     0  startup_stm32f401xc.o(.text)
    TIM1_UP_TIM10_IRQHandler                 0x0800025f   Thumb Code     0  startup_stm32f401xc.o(.text)
    TIM2_IRQHandler                          0x0800025f   Thumb Code     0  startup_stm32f401xc.o(.text)
    TIM3_IRQHandler                          0x0800025f   Thumb Code     0  startup_stm32f401xc.o(.text)
    TIM4_IRQHandler                          0x0800025f   Thumb Code     0  startup_stm32f401xc.o(.text)
    TIM5_IRQHandler                          0x0800025f   Thumb Code     0  startup_stm32f401xc.o(.text)
    USART1_IRQHandler                        0x0800025f   Thumb Code     0  startup_stm32f401xc.o(.text)
    USART2_IRQHandler                        0x0800025f   Thumb Code     0  startup_stm32f401xc.o(.text)
    USART6_IRQHandler                        0x0800025f   Thumb Code     0  startup_stm32f401xc.o(.text)
    WWDG_IRQHandler                          0x0800025f   Thumb Code     0  startup_stm32f401xc.o(.text)
    __user_initial_stackheap                 0x08000261   Thumb Code     0  startup_stm32f401xc.o(.text)
    __use_two_region_memory                  0x08000285   Thumb Code     2  heapauxi.o(.text)
    __rt_heap_escrow$2region                 0x08000287   Thumb Code     2  heapauxi.o(.text)
    __rt_heap_expand$2region                 0x08000289   Thumb Code     2  heapauxi.o(.text)
    __user_setup_stackheap                   0x0800028b   Thumb Code    74  sys_stackheap_outer.o(.text)
    exit                                     0x080002d5   Thumb Code    18  exit.o(.text)
    __user_libspace                          0x080002e9   Thumb Code     8  libspace.o(.text)
    __user_perproc_libspace                  0x080002e9   Thumb Code     0  libspace.o(.text)
    __user_perthread_libspace                0x080002e9   Thumb Code     0  libspace.o(.text)
    _sys_exit                                0x080002f1   Thumb Code     8  sys_exit.o(.text)
    __I$use$semihosting                      0x080002fd   Thumb Code     0  use_no_semi.o(.text)
    __use_no_semihosting_swi                 0x080002fd   Thumb Code     2  use_no_semi.o(.text)
    __semihosting_library_function           0x080002ff   Thumb Code     0  indicate_semi.o(.text)
    GPIO_Init                                0x08000301   Thumb Code   246  stm32f4xx_gpio.o(.text.GPIO_Init)
    GPIO_ReadInputDataBit                    0x080003f9   Thumb Code    52  stm32f4xx_gpio.o(.text.GPIO_ReadInputDataBit)
    GPIO_ResetBits                           0x0800042d   Thumb Code    20  stm32f4xx_gpio.o(.text.GPIO_ResetBits)
    GPIO_SetBits                             0x08000441   Thumb Code    20  stm32f4xx_gpio.o(.text.GPIO_SetBits)
    GPIO_StructInit                          0x08000455   Thumb Code    34  stm32f4xx_gpio.o(.text.GPIO_StructInit)
    RCC_AHB1PeriphClockCmd                   0x08000479   Thumb Code    56  stm32f4xx_rcc.o(.text.RCC_AHB1PeriphClockCmd)
    SystemInit                               0x080004b1   Thumb Code    32  system_stm32f4xx.o(.text.SystemInit)
    main                                     0x080004d1   Thumb Code   140  main.o(.text.main)
    _fp_init                                 0x0800055d   Thumb Code    26  fpinit.o(x$fpl$fpinit)
    __fplib_config_fpu_vfp                   0x08000575   Thumb Code     0  fpinit.o(x$fpl$fpinit)
    __fplib_config_pureend_doubles           0x08000575   Thumb Code     0  fpinit.o(x$fpl$fpinit)
    Region$$Table$$Base                      0x08000578   Number         0  anon$$obj.o(Region$$Table)
    Region$$Table$$Limit                     0x08000588   Number         0  anon$$obj.o(Region$$Table)
    __libspace_start                         0x20000000   Data          96  libspace.o(.bss)
    __temporary_stack_top$libspace           0x20000060   Data           0  libspace.o(.bss)



==============================================================================

Memory Map of the image

  Image Entry point : 0x08000245

  Load Region LR_1 (Base: 0x08000000, Size: 0x00000588, Max: 0xffffffff, ABSOLUTE)

    Execution Region ER_RO (Exec base: 0x08000000, Load base: 0x08000000, Size: 0x00000588, Max: 0xffffffff, ABSOLUTE)

    Exec Addr    Load Addr    Size         Type   Attr      Idx    E Section Name        Object

    0x08000000   0x08000000   0x00000194   Data   RO           14    RESET               startup_stm32f401xc.o
    0x08000194   0x08000194   0x00000008   Code   RO          328  * !!!main             c_w.l(__main.o)
    0x0800019c   0x0800019c   0x0000005c   Code   RO          493    !!!scatter          c_w.l(__scatter.o)
    0x080001f8   0x080001f8   0x00000002   Code   RO          494    !!handler_null      c_w.l(__scatter.o)
    0x080001fa   0x080001fa   0x00000002   PAD
    0x080001fc   0x080001fc   0x0000001c   Code   RO          497    !!handler_zi        c_w.l(__scatter_zi.o)
    0x08000218   0x08000218   0x00000002   Code   RO          355    .ARM.Collect$$libinit$$00000000  c_w.l(libinit.o)
    0x0800021a   0x0800021a   0x00000004   Code   RO          361    .ARM.Collect$$libinit$$00000001  c_w.l(libinit2.o)
    0x0800021e   0x0800021e   0x00000000   Code   RO          364    .ARM.Collect$$libinit$$00000004  c_w.l(libinit2.o)
    0x0800021e   0x0800021e   0x00000000   Code   RO          366    .ARM.Collect$$libinit$$00000006  c_w.l(libinit2.o)
    0x0800021e   0x0800021e   0x00000000   Code   RO          369    .ARM.Collect$$libinit$$0000000C  c_w.l(libinit2.o)
    0x0800021e   0x0800021e   0x00000000   Code   RO          371    .ARM.Collect$$libinit$$0000000E  c_w.l(libinit2.o)
    0x0800021e   0x0800021e   0x00000000   Code   RO          373    .ARM.Collect$$libinit$$00000010  c_w.l(libinit2.o)
    0x0800021e   0x0800021e   0x00000000   Code   RO          376    .ARM.Collect$$libinit$$00000013  c_w.l(libinit2.o)
    0x0800021e   0x0800021e   0x00000000   Code   RO          378    .ARM.Collect$$libinit$$00000015  c_w.l(libinit2.o)
    0x0800021e   0x0800021e   0x00000000   Code   RO          380    .ARM.Collect$$libinit$$00000017  c_w.l(libinit2.o)
    0x0800021e   0x0800021e   0x00000000   Code   RO          382    .ARM.Collect$$libinit$$00000019  c_w.l(libinit2.o)
    0x0800021e   0x0800021e   0x00000000   Code   RO          384    .ARM.Collect$$libinit$$0000001B  c_w.l(libinit2.o)
    0x0800021e   0x0800021e   0x00000000   Code   RO          386    .ARM.Collect$$libinit$$0000001D  c_w.l(libinit2.o)
    0x0800021e   0x0800021e   0x00000000   Code   RO          388    .ARM.Collect$$libinit$$0000001F  c_w.l(libinit2.o)
    0x0800021e   0x0800021e   0x00000000   Code   RO          390    .ARM.Collect$$libinit$$00000021  c_w.l(libinit2.o)
    0x0800021e   0x0800021e   0x00000000   Code   RO          392    .ARM.Collect$$libinit$$00000023  c_w.l(libinit2.o)
    0x0800021e   0x0800021e   0x00000000   Code   RO          394    .ARM.Collect$$libinit$$00000025  c_w.l(libinit2.o)
    0x0800021e   0x0800021e   0x00000000   Code   RO          396    .ARM.Collect$$libinit$$00000027  c_w.l(libinit2.o)
    0x0800021e   0x0800021e   0x00000000   Code   RO          400    .ARM.Collect$$libinit$$0000002E  c_w.l(libinit2.o)
    0x0800021e   0x0800021e   0x00000000   Code   RO          402    .ARM.Collect$$libinit$$00000030  c_w.l(libinit2.o)
    0x0800021e   0x0800021e   0x00000000   Code   RO          404    .ARM.Collect$$libinit$$00000032  c_w.l(libinit2.o)
    0x0800021e   0x0800021e   0x00000000   Code   RO          406    .ARM.Collect$$libinit$$00000034  c_w.l(libinit2.o)
    0x0800021e   0x0800021e   0x00000002   Code   RO          407    .ARM.Collect$$libinit$$00000035  c_w.l(libinit2.o)
    0x08000220   0x08000220   0x00000002   Code   RO          429    .ARM.Collect$$libshutdown$$00000000  c_w.l(libshutdown.o)
    0x08000222   0x08000222   0x00000000   Code   RO          444    .ARM.Collect$$libshutdown$$00000002  c_w.l(libshutdown2.o)
    0x08000222   0x08000222   0x00000000   Code   RO          446    .ARM.Collect$$libshutdown$$00000004  c_w.l(libshutdown2.o)
    0x08000222   0x08000222   0x00000000   Code   RO          449    .ARM.Collect$$libshutdown$$00000007  c_w.l(libshutdown2.o)
    0x08000222   0x08000222   0x00000000   Code   RO          452    .ARM.Collect$$libshutdown$$0000000A  c_w.l(libshutdown2.o)
    0x08000222   0x08000222   0x00000000   Code   RO          454    .ARM.Collect$$libshutdown$$0000000C  c_w.l(libshutdown2.o)
    0x08000222   0x08000222   0x00000000   Code   RO          457    .ARM.Collect$$libshutdown$$0000000F  c_w.l(libshutdown2.o)
    0x08000222   0x08000222   0x00000002   Code   RO          458    .ARM.Collect$$libshutdown$$00000010  c_w.l(libshutdown2.o)
    0x08000224   0x08000224   0x00000000   Code   RO          330    .ARM.Collect$$rtentry$$00000000  c_w.l(__rtentry.o)
    0x08000224   0x08000224   0x00000000   Code   RO          332    .ARM.Collect$$rtentry$$00000002  c_w.l(__rtentry2.o)
    0x08000224   0x08000224   0x00000006   Code   RO          344    .ARM.Collect$$rtentry$$00000004  c_w.l(__rtentry4.o)
    0x0800022a   0x0800022a   0x00000000   Code   RO          334    .ARM.Collect$$rtentry$$00000009  c_w.l(__rtentry2.o)
    0x0800022a   0x0800022a   0x00000004   Code   RO          335    .ARM.Collect$$rtentry$$0000000A  c_w.l(__rtentry2.o)
    0x0800022e   0x0800022e   0x00000000   Code   RO          337    .ARM.Collect$$rtentry$$0000000C  c_w.l(__rtentry2.o)
    0x0800022e   0x0800022e   0x00000008   Code   RO          338    .ARM.Collect$$rtentry$$0000000D  c_w.l(__rtentry2.o)
    0x08000236   0x08000236   0x00000002   Code   RO          359    .ARM.Collect$$rtexit$$00000000  c_w.l(rtexit.o)
    0x08000238   0x08000238   0x00000000   Code   RO          409    .ARM.Collect$$rtexit$$00000002  c_w.l(rtexit2.o)
    0x08000238   0x08000238   0x00000004   Code   RO          410    .ARM.Collect$$rtexit$$00000003  c_w.l(rtexit2.o)
    0x0800023c   0x0800023c   0x00000006   Code   RO          411    .ARM.Collect$$rtexit$$00000004  c_w.l(rtexit2.o)
    0x08000242   0x08000242   0x00000002   PAD
    0x08000244   0x08000244   0x00000040   Code   RO           15  * .text               startup_stm32f401xc.o
    0x08000284   0x08000284   0x00000006   Code   RO          326    .text               c_w.l(heapauxi.o)
    0x0800028a   0x0800028a   0x0000004a   Code   RO          346    .text               c_w.l(sys_stackheap_outer.o)
    0x080002d4   0x080002d4   0x00000012   Code   RO          348    .text               c_w.l(exit.o)
    0x080002e6   0x080002e6   0x00000002   PAD
    0x080002e8   0x080002e8   0x00000008   Code   RO          356    .text               c_w.l(libspace.o)
    0x080002f0   0x080002f0   0x0000000c   Code   RO          419    .text               c_w.l(sys_exit.o)
    0x080002fc   0x080002fc   0x00000002   Code   RO          434    .text               c_w.l(use_no_semi.o)
    0x080002fe   0x080002fe   0x00000000   Code   RO          436    .text               c_w.l(indicate_semi.o)
    0x080002fe   0x080002fe   0x00000002   PAD
    0x08000300   0x08000300   0x000000f6   Code   RO          278    .text.GPIO_Init     stm32f4xx_gpio.o
    0x080003f6   0x080003f6   0x00000002   PAD
    0x080003f8   0x080003f8   0x00000034   Code   RO          284    .text.GPIO_ReadInputDataBit  stm32f4xx_gpio.o
    0x0800042c   0x0800042c   0x00000014   Code   RO          294    .text.GPIO_ResetBits  stm32f4xx_gpio.o
    0x08000440   0x08000440   0x00000014   Code   RO          292    .text.GPIO_SetBits  stm32f4xx_gpio.o
    0x08000454   0x08000454   0x00000022   Code   RO          280    .text.GPIO_StructInit  stm32f4xx_gpio.o
    0x08000476   0x08000476   0x00000002   PAD
    0x08000478   0x08000478   0x00000038   Code   RO          230    .text.RCC_AHB1PeriphClockCmd  stm32f4xx_rcc.o
    0x080004b0   0x080004b0   0x00000020   Code   RO          311    .text.SystemInit    system_stm32f4xx.o
    0x080004d0   0x080004d0   0x0000008c   Code   RO            2    .text.main          main.o
    0x0800055c   0x0800055c   0x0000001a   Code   RO          417    x$fpl$fpinit        fz_wm.l(fpinit.o)
    0x08000576   0x08000576   0x00000002   PAD
    0x08000578   0x08000578   0x00000010   Data   RO          492    Region$$Table       anon$$obj.o


    Execution Region ER_RW (Exec base: 0x20000000, Load base: 0x08000588, Size: 0x00000000, Max: 0xffffffff, ABSOLUTE)

    **** No section assigned to this execution region ****


    Execution Region ER_ZI (Exec base: 0x20000000, Load base: 0x08000588, Size: 0x00000670, Max: 0xffffffff, ABSOLUTE)

    Exec Addr    Load Addr    Size         Type   Attr      Idx    E Section Name        Object

    0x20000000        -       0x00000060   Zero   RW          357    .bss                c_w.l(libspace.o)
    0x20000060        -       0x00000008   Zero   RW            5    .bss.gpio_a         main.o
    0x20000068        -       0x00000008   Zero   RW            4    .bss.gpio_b         main.o
    0x20000070        -       0x00000200   Zero   RW           13    HEAP                startup_stm32f401xc.o
    0x20000270        -       0x00000400   Zero   RW           12    STACK               startup_stm32f401xc.o


==============================================================================

Image component sizes


      Code (inc. data)   RO Data    RW Data    ZI Data      Debug   Object Name

       140          0          0          0         16       1738   main.o
        64         26        404          0       1536        852   startup_stm32f401xc.o
       372          0          0          0          0       4466   stm32f4xx_gpio.o
        56          0          0          0          0      10433   stm32f4xx_rcc.o
        32          0          0          0          0       2671   system_stm32f4xx.o

    ----------------------------------------------------------------------
       668         26        420          0       1552      20160   Object Totals
         0          0         16          0          0          0   (incl. Generated)
         4          0          0          0          0          0   (incl. Padding)

    ----------------------------------------------------------------------

      Code (inc. data)   RO Data    RW Data    ZI Data      Debug   Library Member Name

         8          0          0          0          0         68   __main.o
         0          0          0          0          0          0   __rtentry.o
        12          0          0          0          0          0   __rtentry2.o
         6          0          0          0          0          0   __rtentry4.o
        94          8          0          0          0          0   __scatter.o
        28          0          0          0          0          0   __scatter_zi.o
        18          0          0          0          0         80   exit.o
         6          0          0          0          0        152   heapauxi.o
         0          0          0          0          0          0   indicate_semi.o
         2          0          0          0          0          0   libinit.o
         6          0          0          0          0          0   libinit2.o
         2          0          0          0          0          0   libshutdown.o
         2          0          0          0          0          0   libshutdown2.o
         8          4          0          0         96         68   libspace.o
         2          0          0          0          0          0   rtexit.o
        10          0          0          0          0          0   rtexit2.o
        12          4          0          0          0         68   sys_exit.o
        74          0          0          0          0         80   sys_stackheap_outer.o
         2          0          0          0          0         68   use_no_semi.o
        26          0          0          0          0        116   fpinit.o

    ----------------------------------------------------------------------
       328         16          0          0         96        700   Library Totals
        10          0          0          0          0          0   (incl. Padding)

    ----------------------------------------------------------------------

      Code (inc. data)   RO Data    RW Data    ZI Data      Debug   Library Name

       292         16          0          0         96        584   c_w.l
        26          0          0          0          0        116   fz_wm.l

    ----------------------------------------------------------------------
       328         16          0          0         96        700   Library Totals

    ----------------------------------------------------------------------

==============================================================================


      Code (inc. data)   RO Data    RW Data    ZI Data      Debug   

       996         42        420          0       1648      20644   Grand Totals
       996         42        420          0       1648      20644   ELF Image Totals
       996         42        420          0          0          0   ROM Totals

==============================================================================

    Total RO  Size (Code + RO Data)                 1416 (   1.38kB)
    Total RW  Size (RW Data + ZI Data)              1648 (   1.61kB)
    Total ROM Size (Code + RO Data + RW Data)       1416 (   1.38kB)

==============================================================================

