Component: Arm Compiler for Embedded 6.22 Tool: armlink [5ee90200]

==============================================================================

Section Cross References

    lr_6.o(MyCode) refers to lr_6.o(MyData) for inputMatrix
    lr_6.o(MyCode) refers to lr_6.o(MyData1) for transposedMatrix
    startup_1.o(RESET) refers to startup_1.o(STACK) for __initial_sp
    startup_1.o(RESET) refers to startup_1.o(.text) for Reset_Handler
    startup_1.o(.text) refers to lr_6.o(MyCode) for MyProg


==============================================================================

Image Symbol Table

    Local Symbols

    Symbol Name                              Value     Ov Type        Size  Object(Section)

    LR_6.s                                   0x00000000   Number         0  lr_6.o ABSOLUTE
    StartUp_1.s                              0x00000000   Number         0  startup_1.o ABSOLUTE
    RESET                                    0x00000000   Section       12  startup_1.o(RESET)
    $v0                                      0x0000000c   Number         0  startup_1.o(.text)
    .text                                    0x0000000c   Section       12  startup_1.o(.text)
    $v0                                      0x00000018   Number         0  lr_6.o(MyCode)
    MyCode                                   0x00000018   Section      212  lr_6.o(MyCode)
    MyData                                   0x000000ec   Section      192  lr_6.o(MyData)
    MyData1                                  0x20000000   Section      204  lr_6.o(MyData1)
    STACK                                    0x200000d0   Section     1024  startup_1.o(STACK)
    __initial_sp                             0x200004d0   Data           0  startup_1.o(STACK)

    Global Symbols

    Symbol Name                              Value     Ov Type        Size  Object(Section)

    BuildAttributes$$THM_ISAv4$E$P$D$K$B$S$7EM$VFPi3$EXTD16$VFPS$VFMA$PE$A:L22UL41UL21$X:L11$S22US41US21$IEEE1$~IW$USESV6$~STKCKD$USESV7$~SHL$OSPACE$EBA8$STANDARDLIB$PRES8$EABIv2 0x00000000   Number         0  anon$$obj.o ABSOLUTE
    __Vectors                                0x00000000   Data           4  startup_1.o(RESET)
    Reset_Handler                            0x0000000d   Thumb Code     4  startup_1.o(.text)
    __Vectors_End                            0x0000000c   Data           0  startup_1.o(RESET)
    __Vectors_Size                           0x0000000c   Number         0  startup_1.o ABSOLUTE
    NMI_Handler                              0x00000011   Thumb Code     2  startup_1.o(.text)
    MyProg                                   0x00000019   Thumb Code     0  lr_6.o(MyCode)
    inputMatrix                              0x000000ec   Data          32  lr_6.o(MyData)
    transposedMatrix                         0x20000000   Data         192  lr_6.o(MyData1)
    scalarMul                                0x200000c0   Data           4  lr_6.o(MyData1)
    sumOfElems                               0x200000c4   Data           4  lr_6.o(MyData1)
    amountOfElems                            0x200000c8   Data           4  lr_6.o(MyData1)



==============================================================================

Memory Map of the image

  Image Entry point : 0x0000000d

  Load Region LR_1 (Base: 0x00000000, Size: 0x00000278, Max: 0xffffffff, ABSOLUTE)

    Execution Region ER_RO (Exec base: 0x00000000, Load base: 0x00000000, Size: 0x000001ac, Max: 0xffffffff, ABSOLUTE)

    Exec Addr    Load Addr    Size         Type   Attr      Idx    E Section Name        Object

    0x00000000   0x00000000   0x0000000c   Data   RO            9    RESET               startup_1.o
    0x0000000c   0x0000000c   0x0000000c   Code   RO           10  * .text               startup_1.o
    0x00000018   0x00000018   0x000000d4   Code   RO            1  * MyCode              lr_6.o
    0x000000ec   0x000000ec   0x000000c0   Data   RO            2    MyData              lr_6.o


    Execution Region ER_RW (Exec base: 0x20000000, Load base: 0x000001ac, Size: 0x000000cc, Max: 0xffffffff, ABSOLUTE)

    Exec Addr    Load Addr    Size         Type   Attr      Idx    E Section Name        Object

    0x20000000   0x000001ac   0x000000cc   Data   RW            3    MyData1             lr_6.o


    Execution Region ER_ZI (Exec base: 0x200000d0, Load base: 0x00000278, Size: 0x00000400, Max: 0xffffffff, ABSOLUTE)

    Exec Addr    Load Addr    Size         Type   Attr      Idx    E Section Name        Object

    0x200000d0        -       0x00000400   Zero   RW            8    STACK               startup_1.o


==============================================================================

Image component sizes


      Code (inc. data)   RO Data    RW Data    ZI Data      Debug   Object Name

       212         34        192        204          0        300   lr_6.o
        12          6         12          0       1024        400   startup_1.o

    ----------------------------------------------------------------------
       224         40        204        204       1024        700   Object Totals
         0          0          0          0          0          0   (incl. Generated)
         0          0          0          0          0          0   (incl. Padding)

    ----------------------------------------------------------------------
         0          0          0          0          0          0   Library Totals
         0          0          0          0          0          0   (incl. Padding)

    ----------------------------------------------------------------------

==============================================================================


      Code (inc. data)   RO Data    RW Data    ZI Data      Debug   

       224         40        204        204       1024        700   Grand Totals
       224         40        204        204       1024        700   ELF Image Totals
       224         40        204        204          0          0   ROM Totals

==============================================================================

    Total RO  Size (Code + RO Data)                  428 (   0.42kB)
    Total RW  Size (RW Data + ZI Data)              1228 (   1.20kB)
    Total ROM Size (Code + RO Data + RW Data)        632 (   0.62kB)

==============================================================================

